Archive member included to satisfy reference by file (symbol)

c:/program files (x86)/vs_code_soft/gcc-arm-none-eabi-10-2020-q4-major/bin/../lib/gcc/arm-none-eabi/10.2.1/../../../../arm-none-eabi/lib/thumb/v7-m/nofp\libc_nano.a(lib_a-exit.o)
                              c:/program files (x86)/vs_code_soft/gcc-arm-none-eabi-10-2020-q4-major/bin/../lib/gcc/arm-none-eabi/10.2.1/../../../../arm-none-eabi/lib/thumb/v7-m/nofp/crt0.o (exit)
c:/program files (x86)/vs_code_soft/gcc-arm-none-eabi-10-2020-q4-major/bin/../lib/gcc/arm-none-eabi/10.2.1/../../../../arm-none-eabi/lib/thumb/v7-m/nofp\libc_nano.a(lib_a-impure.o)
                              c:/program files (x86)/vs_code_soft/gcc-arm-none-eabi-10-2020-q4-major/bin/../lib/gcc/arm-none-eabi/10.2.1/../../../../arm-none-eabi/lib/thumb/v7-m/nofp\libc_nano.a(lib_a-exit.o) (_global_impure_ptr)
c:/program files (x86)/vs_code_soft/gcc-arm-none-eabi-10-2020-q4-major/bin/../lib/gcc/arm-none-eabi/10.2.1/../../../../arm-none-eabi/lib/thumb/v7-m/nofp\libc_nano.a(lib_a-init.o)
                              c:/program files (x86)/vs_code_soft/gcc-arm-none-eabi-10-2020-q4-major/bin/../lib/gcc/arm-none-eabi/10.2.1/../../../../arm-none-eabi/lib/thumb/v7-m/nofp/crt0.o (__libc_init_array)
c:/program files (x86)/vs_code_soft/gcc-arm-none-eabi-10-2020-q4-major/bin/../lib/gcc/arm-none-eabi/10.2.1/../../../../arm-none-eabi/lib/thumb/v7-m/nofp\libc_nano.a(lib_a-malloc.o)
                              build/heap_malloc.o (malloc)
c:/program files (x86)/vs_code_soft/gcc-arm-none-eabi-10-2020-q4-major/bin/../lib/gcc/arm-none-eabi/10.2.1/../../../../arm-none-eabi/lib/thumb/v7-m/nofp\libc_nano.a(lib_a-memcpy-stub.o)
                              build/DS28E01.o (memcpy)
c:/program files (x86)/vs_code_soft/gcc-arm-none-eabi-10-2020-q4-major/bin/../lib/gcc/arm-none-eabi/10.2.1/../../../../arm-none-eabi/lib/thumb/v7-m/nofp\libc_nano.a(lib_a-memset.o)
                              c:/program files (x86)/vs_code_soft/gcc-arm-none-eabi-10-2020-q4-major/bin/../lib/gcc/arm-none-eabi/10.2.1/../../../../arm-none-eabi/lib/thumb/v7-m/nofp/crt0.o (memset)
c:/program files (x86)/vs_code_soft/gcc-arm-none-eabi-10-2020-q4-major/bin/../lib/gcc/arm-none-eabi/10.2.1/../../../../arm-none-eabi/lib/thumb/v7-m/nofp\libc_nano.a(lib_a-nano-freer.o)
                              c:/program files (x86)/vs_code_soft/gcc-arm-none-eabi-10-2020-q4-major/bin/../lib/gcc/arm-none-eabi/10.2.1/../../../../arm-none-eabi/lib/thumb/v7-m/nofp\libc_nano.a(lib_a-malloc.o) (_free_r)
c:/program files (x86)/vs_code_soft/gcc-arm-none-eabi-10-2020-q4-major/bin/../lib/gcc/arm-none-eabi/10.2.1/../../../../arm-none-eabi/lib/thumb/v7-m/nofp\libc_nano.a(lib_a-nano-mallocr.o)
                              c:/program files (x86)/vs_code_soft/gcc-arm-none-eabi-10-2020-q4-major/bin/../lib/gcc/arm-none-eabi/10.2.1/../../../../arm-none-eabi/lib/thumb/v7-m/nofp\libc_nano.a(lib_a-malloc.o) (_malloc_r)
c:/program files (x86)/vs_code_soft/gcc-arm-none-eabi-10-2020-q4-major/bin/../lib/gcc/arm-none-eabi/10.2.1/../../../../arm-none-eabi/lib/thumb/v7-m/nofp\libc_nano.a(lib_a-sbrkr.o)
                              c:/program files (x86)/vs_code_soft/gcc-arm-none-eabi-10-2020-q4-major/bin/../lib/gcc/arm-none-eabi/10.2.1/../../../../arm-none-eabi/lib/thumb/v7-m/nofp\libc_nano.a(lib_a-nano-mallocr.o) (_sbrk_r)
c:/program files (x86)/vs_code_soft/gcc-arm-none-eabi-10-2020-q4-major/bin/../lib/gcc/arm-none-eabi/10.2.1/../../../../arm-none-eabi/lib/thumb/v7-m/nofp\libc_nano.a(lib_a-strlen.o)
                              build/SEGGER_RTT.o (strlen)
c:/program files (x86)/vs_code_soft/gcc-arm-none-eabi-10-2020-q4-major/bin/../lib/gcc/arm-none-eabi/10.2.1/../../../../arm-none-eabi/lib/thumb/v7-m/nofp\libc_nano.a(lib_a-mlock.o)
                              c:/program files (x86)/vs_code_soft/gcc-arm-none-eabi-10-2020-q4-major/bin/../lib/gcc/arm-none-eabi/10.2.1/../../../../arm-none-eabi/lib/thumb/v7-m/nofp\libc_nano.a(lib_a-nano-freer.o) (__malloc_lock)
c:/program files (x86)/vs_code_soft/gcc-arm-none-eabi-10-2020-q4-major/bin/../lib/gcc/arm-none-eabi/10.2.1/../../../../arm-none-eabi/lib/thumb/v7-m/nofp\libc_nano.a(lib_a-reent.o)
                              c:/program files (x86)/vs_code_soft/gcc-arm-none-eabi-10-2020-q4-major/bin/../lib/gcc/arm-none-eabi/10.2.1/../../../../arm-none-eabi/lib/thumb/v7-m/nofp\libc_nano.a(lib_a-sbrkr.o) (errno)
c:/program files (x86)/vs_code_soft/gcc-arm-none-eabi-10-2020-q4-major/bin/../lib/gcc/arm-none-eabi/10.2.1/../../../../arm-none-eabi/lib/thumb/v7-m/nofp\libc_nano.a(lib_a-lock.o)
                              c:/program files (x86)/vs_code_soft/gcc-arm-none-eabi-10-2020-q4-major/bin/../lib/gcc/arm-none-eabi/10.2.1/../../../../arm-none-eabi/lib/thumb/v7-m/nofp\libc_nano.a(lib_a-mlock.o) (__retarget_lock_acquire_recursive)
c:/program files (x86)/vs_code_soft/gcc-arm-none-eabi-10-2020-q4-major/bin/../lib/gcc/arm-none-eabi/10.2.1/../../../../arm-none-eabi/lib/thumb/v7-m/nofp\libm.a(lib_a-w_log.o)
[...]
Memory Configuration

Name             Origin             Length             Attributes
RAM              0x20000000         0x0000c000         xrw
FLASH            0x08000000         0x00040000         xr
*default*        0x00000000         0xffffffff

Linker script and memory map

LOAD c:/program files (x86)/vs_code_soft/gcc-arm-none-eabi-10-2020-q4-major/bin/../lib/gcc/arm-none-eabi/10.2.1/thumb/v7-m/nofp/crti.o
LOAD c:/program files (x86)/vs_code_soft/gcc-arm-none-eabi-10-2020-q4-major/bin/../lib/gcc/arm-none-eabi/10.2.1/thumb/v7-m/nofp/crtbegin.o
LOAD c:/program files (x86)/vs_code_soft/gcc-arm-none-eabi-10-2020-q4-major/bin/../lib/gcc/arm-none-eabi/10.2.1/../../../../arm-none-eabi/lib/thumb/v7-m/nofp/crt0.o
LOAD build/main.o
LOAD build/stm32f10x_it.o
LOAD build/system_stm32f10x.o
LOAD build/core_cm3.o
LOAD build/stm32f10x_adc.o
LOAD build/misc.o
LOAD build/stm32f10x_gpio.o
LOAD build/stm32f10x_rcc.o
LOAD build/stm32f10x_usart.o
LOAD build/stm32f10x_tim.o
LOAD build/stm32f10x_dma.o
LOAD build/delay.o
LOAD build/sys.o
LOAD build/usart_dma.o
LOAD build/secret_key.o
LOAD build/gpio.o
LOAD build/timer.o
LOAD build/stmflash.o
LOAD build/Common.o
LOAD build/MCU_HOST.o
LOAD build/MCU_POWER.o
LOAD build/DS28E01.o
LOAD build/SHA.o
LOAD build/MCU_MicroRF.o
LOAD build/MCU_Liti.o
LOAD build/MCU_Fractional.o
LOAD build/adc20190609.o
LOAD build/Task.o
LOAD build/softtimer.o
LOAD build/serial_protocol.o
LOAD build/serial_rx_tx.o
LOAD build/crc16.o
LOAD build/heap_malloc.o
LOAD build/SEGGER_RTT.o
LOAD build/SEGGER_RTT_printf.o
LOAD build/startup_stm32f103xe.o
LOAD c:/program files (x86)/vs_code_soft/gcc-arm-none-eabi-10-2020-q4-major/bin/../lib/gcc/arm-none-eabi/10.2.1/../../../../arm-none-eabi/lib/thumb/v7-m/nofp\libc_nano.a
LOAD c:/program files (x86)/vs_code_soft/gcc-arm-none-eabi-10-2020-q4-major/bin/../lib/gcc/arm-none-eabi/10.2.1/../../../../arm-none-eabi/lib/thumb/v7-m/nofp\libm.a
LOAD c:/program files (x86)/vs_code_soft/gcc-arm-none-eabi-10-2020-q4-major/bin/../lib/gcc/arm-none-eabi/10.2.1/../../../../arm-none-eabi/lib/thumb/v7-m/nofp\libnosys.a
START GROUP
LOAD c:/program files (x86)/vs_code_soft/gcc-arm-none-eabi-10-2020-q4-major/bin/../lib/gcc/arm-none-eabi/10.2.1/thumb/v7-m/nofp\libgcc.a
LOAD c:/program files (x86)/vs_code_soft/gcc-arm-none-eabi-10-2020-q4-major/bin/../lib/gcc/arm-none-eabi/10.2.1/../../../../arm-none-eabi/lib/thumb/v7-m/nofp\libc_nano.a
END GROUP
START GROUP
LOAD c:/program files (x86)/vs_code_soft/gcc-arm-none-eabi-10-2020-q4-major/bin/../lib/gcc/arm-none-eabi/10.2.1/thumb/v7-m/nofp\libgcc.a
LOAD c:/program files (x86)/vs_code_soft/gcc-arm-none-eabi-10-2020-q4-major/bin/../lib/gcc/arm-none-eabi/10.2.1/../../../../arm-none-eabi/lib/thumb/v7-m/nofp\libc_nano.a
END GROUP
LOAD c:/program files (x86)/vs_code_soft/gcc-arm-none-eabi-10-2020-q4-major/bin/../lib/gcc/arm-none-eabi/10.2.1/thumb/v7-m/nofp/crtend.o
LOAD c:/program files (x86)/vs_code_soft/gcc-arm-none-eabi-10-2020-q4-major/bin/../lib/gcc/arm-none-eabi/10.2.1/thumb/v7-m/nofp/crtn.o
                0x2000c000                _estack = (ORIGIN (RAM) + LENGTH (RAM))
                0x00000200                _Min_Heap_Size = 0x200
                0x00000800                _Min_Stack_Size = 0x800

.isr_vector     0x08000000      0x1e4
                0x08000000                . = ALIGN (0x4)
 *(.isr_vector)
 .isr_vector    0x08000000      0x1e4 build/startup_stm32f103xe.o
                0x08000000                g_pfnVectors
                0x080001e4                . = ALIGN (0x4)

.text           0x080001e8     0xc668
                0x080001e8                . = ALIGN (0x4)
 *(.text)
 .text          0x080001e8       0x40 c:/program files (x86)/vs_code_soft/gcc-arm-none-eabi-10-2020-q4-major/bin/../lib/gcc/arm-none-eabi/10.2.1/thumb/v7-m/nofp/crtbegin.o
 .text          0x08000228      0x168 c:/program files (x86)/vs_code_soft/gcc-arm-none-eabi-10-2020-q4-major/bin/../lib/gcc/arm-none-eabi/10.2.1/thumb/v7-m/nofp\libgcc.a(_arm_mulsf3.o)
                0x08000228                __aeabi_fmul
                0x08000228                __mulsf3
 .text          0x08000390      0x378 c:/program files (x86)/vs_code_soft/gcc-arm-none-eabi-10-2020-q4-major/bin/../lib/gcc/arm-none-eabi/10.2.1/thumb/v7-m/nofp\libgcc.a(_arm_addsubdf3.o)
                0x08000390                __aeabi_drsub
                0x08000398                __aeabi_dsub
                0x08000398                __subdf3
                0x0800039c                __aeabi_dadd
                0x0800039c                __adddf3
                0x08000614                __floatunsidf
                0x08000614                __aeabi_ui2d
                0x08000634                __floatsidf
                0x08000634                __aeabi_i2d
                0x08000658                __aeabi_f2d
                0x08000658                __extendsfdf2
                0x0800069c                __floatundidf
                0x0800069c                __aeabi_ul2d
                0x080006ac                __floatdidf
                0x080006ac                __aeabi_l2d
 .text          0x08000708      0x424 c:/program files (x86)/vs_code_soft/gcc-arm-none-eabi-10-2020-q4-major/bin/../lib/gcc/arm-none-eabi/10.2.1/thumb/v7-m/nofp\libgcc.a(_arm_muldivdf3.o)
                0x08000708                __aeabi_dmul
                0x08000708                __muldf3
                0x0800095c                __divdf3
                0x0800095c                __aeabi_ddiv
 .text          0x08000b2c      0x110 c:/program files (x86)/vs_code_soft/gcc-arm-none-eabi-10-2020-q4-major/bin/../lib/gcc/arm-none-eabi/10.2.1/thumb/v7-m/nofp\libgcc.a(_arm_cmpdf2.o)
                0x08000b2c                __gtdf2
                0x08000b2c                __gedf2
                0x08000b34                __ltdf2
                0x08000b34                __ledf2
                0x08000b3c                __nedf2
                0x08000b3c                __eqdf2
                0x08000b3c                __cmpdf2
                0x08000bb8                __aeabi_cdrcmple
                0x08000bc8                __aeabi_cdcmpeq
                0x08000bc8                __aeabi_cdcmple
                0x08000bd8                __aeabi_dcmpeq
                0x08000bec                __aeabi_dcmplt
                0x08000c00                __aeabi_dcmple
                0x08000c14                __aeabi_dcmpge
                0x08000c28                __aeabi_dcmpgt
 .text          0x08000c3c       0x2c c:/program files (x86)/vs_code_soft/gcc-arm-none-eabi-10-2020-q4-major/bin/../lib/gcc/arm-none-eabi/10.2.1/thumb/v7-m/nofp\libgcc.a(_arm_unorddf2.o)
                0x08000c3c                __unorddf2
                0x08000c3c                __aeabi_dcmpun
 .text          0x08000c68       0x40 c:/program files (x86)/vs_code_soft/gcc-arm-none-eabi-10-2020-q4-major/bin/../lib/gcc/arm-none-eabi/10.2.1/thumb/v7-m/nofp\libgcc.a(_arm_fixunsdfsi.o)
                0x08000c68                __aeabi_d2uiz
                0x08000c68                __fixunsdfsi
 .text          0x08000ca8      0x21c c:/program files (x86)/vs_code_soft/gcc-arm-none-eabi-10-2020-q4-major/bin/../lib/gcc/arm-none-eabi/10.2.1/thumb/v7-m/nofp\libgcc.a(_arm_addsubsf3.o)
                0x08000ca8                __aeabi_frsub
                0x08000cb0                __subsf3
                0x08000cb0                __aeabi_fsub
                0x08000cb4                __aeabi_fadd
                0x08000cb4                __addsf3
                0x08000e14                __aeabi_ui2f
                0x08000e14                __floatunsisf
                0x08000e1c                __aeabi_i2f
                0x08000e1c                __floatsisf
                0x08000e38                __aeabi_ul2f
                0x08000e38                __floatundisf
                0x08000e48                __aeabi_l2f
                0x08000e48                __floatdisf
 .text          0x08000ec4       0x40 c:/program files (x86)/vs_code_soft/gcc-arm-none-eabi-10-2020-q4-major/bin/../lib/gcc/arm-none-eabi/10.2.1/thumb/v7-m/nofp\libgcc.a(_arm_fixunssfsi.o)
                0x08000ec4                __fixunssfsi
                0x08000ec4                __aeabi_f2uiz
 *(.text*)
 .text.Func_Init
                0x08000f04       0x54 build/main.o
                0x08000f04                Func_Init
 .text.main     0x08000f58       0x1e build/main.o
                0x08000f58                main
 .text.NMI_Handler
                0x08000f76        0x2 build/stm32f10x_it.o
                0x08000f76                NMI_Handler
 .text.HardFault_Handler
                0x08000f78        0x2 build/stm32f10x_it.o
                0x08000f78                HardFault_Handler
 .text.MemManage_Handler
                0x08000f7a        0x2 build/stm32f10x_it.o
                0x08000f7a                MemManage_Handler
 .text.BusFault_Handler
                0x08000f7c        0x2 build/stm32f10x_it.o
                0x08000f7c                BusFault_Handler
 .text.UsageFault_Handler
                0x08000f7e        0x2 build/stm32f10x_it.o
                0x08000f7e                UsageFault_Handler
 .text.SVC_Handler
                0x08000f80        0x2 build/stm32f10x_it.o
                0x08000f80                SVC_Handler
 .text.DebugMon_Handler
                0x08000f82        0x2 build/stm32f10x_it.o
                0x08000f82                DebugMon_Handler
 .text.PendSV_Handler
                0x08000f84        0x2 build/stm32f10x_it.o
                0x08000f84                PendSV_Handler
 .text.SysTick_Handler
                0x08000f86        0x2 build/stm32f10x_it.o
                0x08000f86                SysTick_Handler
 .text.SetSysClockTo72
                0x08000f88       0xc4 build/system_stm32f10x.o
 .text.SetSysClock
                0x0800104c        0x8 build/system_stm32f10x.o
 .text.SystemInit
                0x08001054       0x50 build/system_stm32f10x.o
                0x08001054                SystemInit
 .text.ADC_DeInit
                0x080010a4       0x64 build/stm32f10x_adc.o
                0x080010a4                ADC_DeInit
 .text.ADC_Init
                0x08001108       0x4c build/stm32f10x_adc.o
                0x08001108                ADC_Init
 .text.ADC_Cmd  0x08001154       0x16 build/stm32f10x_adc.o
                0x08001154                ADC_Cmd
 .text.ADC_DMACmd
                0x0800116a       0x16 build/stm32f10x_adc.o
                0x0800116a                ADC_DMACmd
 .text.ADC_ResetCalibration
                0x08001180        0xa build/stm32f10x_adc.o
                0x08001180                ADC_ResetCalibration
 .text.ADC_GetResetCalibrationStatus
                0x0800118a       0x10 build/stm32f10x_adc.o
                0x0800118a                ADC_GetResetCalibrationStatus
 .text.ADC_StartCalibration
                0x0800119a        0xa build/stm32f10x_adc.o
                0x0800119a                ADC_StartCalibration
 .text.ADC_GetCalibrationStatus
                0x080011a4       0x10 build/stm32f10x_adc.o
                0x080011a4                ADC_GetCalibrationStatus
 .text.ADC_RegularChannelConfig
                0x080011b4       0x98 build/stm32f10x_adc.o
                0x080011b4                ADC_RegularChannelConfig
 .text.ADC_ExternalTrigConvCmd
                0x0800124c       0x16 build/stm32f10x_adc.o
                0x0800124c                ADC_ExternalTrigConvCmd
 *fill*         0x08001262        0x2 
 .text.NVIC_PriorityGroupConfig
                0x08001264       0x14 build/misc.o
                0x08001264                NVIC_PriorityGroupConfig
 .text.NVIC_Init
                0x08001278       0x64 build/misc.o
                0x08001278                NVIC_Init
 .text.SysTick_CLKSourceConfig
                0x080012dc       0x20 build/misc.o
                0x080012dc                SysTick_CLKSourceConfig
 .text.GPIO_Init
                0x080012fc       0xb2 build/stm32f10x_gpio.o
                0x080012fc                GPIO_Init
 .text.GPIO_ReadInputDataBit
                0x080013ae        0xe build/stm32f10x_gpio.o
                0x080013ae                GPIO_ReadInputDataBit
 .text.GPIO_SetBits
                0x080013bc        0x4 build/stm32f10x_gpio.o
                0x080013bc                GPIO_SetBits
 .text.GPIO_ResetBits
                0x080013c0        0x4 build/stm32f10x_gpio.o
                0x080013c0                GPIO_ResetBits
 .text.GPIO_PinRemapConfig
                0x080013c4       0x7c build/stm32f10x_gpio.o
                0x080013c4                GPIO_PinRemapConfig
 .text.RCC_ADCCLKConfig
                0x08001440       0x14 build/stm32f10x_rcc.o
                0x08001440                RCC_ADCCLKConfig
 .text.RCC_GetClocksFreq
                0x08001454       0xbc build/stm32f10x_rcc.o
                0x08001454                RCC_GetClocksFreq
 .text.RCC_AHBPeriphClockCmd
                0x08001510       0x1c build/stm32f10x_rcc.o
                0x08001510                RCC_AHBPeriphClockCmd
 .text.RCC_APB2PeriphClockCmd
                0x0800152c       0x1c build/stm32f10x_rcc.o
                0x0800152c                RCC_APB2PeriphClockCmd
 .text.RCC_APB1PeriphClockCmd
                0x08001548       0x1c build/stm32f10x_rcc.o
                0x08001548                RCC_APB1PeriphClockCmd
 .text.RCC_APB2PeriphResetCmd
                0x08001564       0x1c build/stm32f10x_rcc.o
                0x08001564                RCC_APB2PeriphResetCmd
 .text.RCC_APB1PeriphResetCmd
                0x08001580       0x1c build/stm32f10x_rcc.o
                0x08001580                RCC_APB1PeriphResetCmd
 .text.RCC_GetFlagStatus
                0x0800159c       0x34 build/stm32f10x_rcc.o
                0x0800159c                RCC_GetFlagStatus
 .text.RCC_ClearFlag
                0x080015d0       0x10 build/stm32f10x_rcc.o
                0x080015d0                RCC_ClearFlag
 .text.USART_DeInit
                0x080015e0       0xa4 build/stm32f10x_usart.o
                0x080015e0                USART_DeInit
 .text.USART_Init
                0x08001684       0xc4 build/stm32f10x_usart.o
                0x08001684                USART_Init
 .text.USART_Cmd
                0x08001748       0x1c build/stm32f10x_usart.o
                0x08001748                USART_Cmd
 .text.USART_ITConfig
                0x08001764       0x36 build/stm32f10x_usart.o
                0x08001764                USART_ITConfig
 .text.USART_DMACmd
                0x0800179a       0x18 build/stm32f10x_usart.o
                0x0800179a                USART_DMACmd
 *fill*         0x080017b2        0x2 
 .text.TIM_TimeBaseInit
                0x080017b4       0x94 build/stm32f10x_tim.o
                0x080017b4                TIM_TimeBaseInit
 .text.TIM_TimeBaseStructInit
                0x08001848       0x12 build/stm32f10x_tim.o
                0x08001848                TIM_TimeBaseStructInit
 .text.TIM_Cmd  0x0800185a       0x1c build/stm32f10x_tim.o
                0x0800185a                TIM_Cmd
 .text.TIM_ITConfig
                0x08001876       0x18 build/stm32f10x_tim.o
                0x08001876                TIM_ITConfig
 .text.TIM_SelectOutputTrigger
                0x0800188e       0x16 build/stm32f10x_tim.o
                0x0800188e                TIM_SelectOutputTrigger
 .text.TIM_ClearFlag
                0x080018a4        0x8 build/stm32f10x_tim.o
                0x080018a4                TIM_ClearFlag
 .text.TIM_ClearITPendingBit
                0x080018ac        0x8 build/stm32f10x_tim.o
                0x080018ac                TIM_ClearITPendingBit
 .text.DMA_DeInit
                0x080018b4      0x128 build/stm32f10x_dma.o
                0x080018b4                DMA_DeInit
 .text.DMA_Init
                0x080019dc       0x3e build/stm32f10x_dma.o
                0x080019dc                DMA_Init
 .text.DMA_Cmd  0x08001a1a       0x1a build/stm32f10x_dma.o
                0x08001a1a                DMA_Cmd
 .text.DMA_ITConfig
                0x08001a34       0x14 build/stm32f10x_dma.o
                0x08001a34                DMA_ITConfig
 .text.DMA_GetITStatus
                0x08001a48       0x24 build/stm32f10x_dma.o
                0x08001a48                DMA_GetITStatus
 .text.DMA_ClearITPendingBit
                0x08001a6c       0x1c build/stm32f10x_dma.o
                0x08001a6c                DMA_ClearITPendingBit
 .text.delay_init
                0x08001a88       0x3c build/delay.o
                0x08001a88                delay_init
 .text.delay_us
                0x08001ac4       0x40 build/delay.o
                0x08001ac4                delay_us
 .text.delay_ms
                0x08001b04       0x40 build/delay.o
                0x08001b04                delay_ms
 .text.NVIC_Configuration
                0x08001b44        0xc build/sys.o
                0x08001b44                NVIC_Configuration
 .text.USART1_IRQHandler
                0x08001b50       0x6c build/usart_dma.o
                0x08001b50                USART1_IRQHandler
 .text.DMA1_Channel4_IRQHandler
                0x08001bbc       0x30 build/usart_dma.o
                0x08001bbc                DMA1_Channel4_IRQHandler
 .text.usart1_dma_send_enable
                0x08001bec       0x28 build/usart_dma.o
                0x08001bec                usart1_dma_send_enable
 .text.usart1_init
                0x08001c14       0xb8 build/usart_dma.o
                0x08001c14                usart1_init
 .text.usart1_dma_init
                0x08001ccc       0xe8 build/usart_dma.o
                0x08001ccc                usart1_dma_init
 .text.USART2_IRQHandler
                0x08001db4       0x6c build/usart_dma.o
                0x08001db4                USART2_IRQHandler
 .text.DMA1_Channel7_IRQHandler
                0x08001e20       0x34 build/usart_dma.o
                0x08001e20                DMA1_Channel7_IRQHandler
 .text.usart2_dma_send_enable
                0x08001e54       0x30 build/usart_dma.o
                0x08001e54                usart2_dma_send_enable
 .text.usart2_init
                0x08001e84       0xbc build/usart_dma.o
                0x08001e84                usart2_init
 .text.usart2_dma_init
                0x08001f40       0xe8 build/usart_dma.o
                0x08001f40                usart2_dma_init
 .text.USART3_IRQHandler
                0x08002028       0x6c build/usart_dma.o
                0x08002028                USART3_IRQHandler
 .text.DMA1_Channel2_IRQHandler
                0x08002094       0x30 build/usart_dma.o
                0x08002094                DMA1_Channel2_IRQHandler
 .text.usart3_dma_send_enable
                0x080020c4       0x28 build/usart_dma.o
                0x080020c4                usart3_dma_send_enable
 .text.usart3_init
                0x080020ec       0xcc build/usart_dma.o
                0x080020ec                usart3_init
 .text.usart3_dma_init
                0x080021b8       0xe8 build/usart_dma.o
                0x080021b8                usart3_dma_init
 .text.UART4_IRQHandler
                0x080022a0       0x68 build/usart_dma.o
                0x080022a0                UART4_IRQHandler
 .text.DMA2_Channel4_5_IRQHandler
                0x08002308       0x30 build/usart_dma.o
                0x08002308                DMA2_Channel4_5_IRQHandler
 .text.usart4_dma_send_enable
                0x08002338       0x28 build/usart_dma.o
                0x08002338                usart4_dma_send_enable
 .text.usart4_init
                0x08002360       0xc0 build/usart_dma.o
                0x08002360                usart4_init
 .text.usart4_dma_init
                0x08002420       0xe4 build/usart_dma.o
                0x08002420                usart4_dma_init
 .text.usart_init
                0x08002504       0x34 build/usart_dma.o
                0x08002504                usart_init
 .text.KEY_CRC16
                0x08002538       0x38 build/secret_key.o
                0x08002538                KEY_CRC16
 .text.United_IO_Init
                0x08002570      0x124 build/gpio.o
                0x08002570                United_IO_Init
 .text.GPIOX_Init
                0x08002694      0x174 build/gpio.o
                0x08002694                GPIOX_Init
 .text.get_tim10ms_flag
                0x08002808        0xc build/timer.o
                0x08002808                get_tim10ms_flag
 .text.clear_tim10ms_flag
                0x08002814        0xc build/timer.o
                0x08002814                clear_tim10ms_flag
 .text.TIM2_Int_Init
                0x08002820       0x8a build/timer.o
                0x08002820                TIM2_Int_Init
 *fill*         0x080028aa        0x2 
 .text.TIM2_IRQHandler
                0x080028ac       0x28 build/timer.o
                0x080028ac                TIM2_IRQHandler
 .text.TIM3_Int_Init
                0x080028d4       0x54 build/timer.o
                0x080028d4                TIM3_Int_Init
 .text.TIM3_IRQHandler
                0x08002928       0x18 build/timer.o
                0x08002928                TIM3_IRQHandler
 .text.TIM4_IRQHandler
                0x08002940       0x30 build/timer.o
                0x08002940                TIM4_IRQHandler
 .text.TIM5_IRQHandler
                0x08002970       0x18 build/timer.o
                0x08002970                TIM5_IRQHandler
 .text.TIM6_IRQHandler
                0x08002988       0x18 build/timer.o
                0x08002988                TIM6_IRQHandler
 .text.TIM7_IRQHandler
                0x080029a0       0x30 build/timer.o
                0x080029a0                TIM7_IRQHandler
 .text.clear_data
                0x080029d0       0x12 build/Common.o
                0x080029d0                clear_data
 .text.ascii_to_int
                0x080029e2       0x2a build/Common.o
                0x080029e2                ascii_to_int
 .text.Comm_Init
                0x08002a0c       0x58 build/Common.o
                0x08002a0c                Comm_Init
 .text.Close_All_Relay
                0x08002a64       0x18 build/Common.o
                0x08002a64                Close_All_Relay
 .text.Select_Handle_Cont_Relay
                0x08002a7c       0x50 build/Common.o
                0x08002a7c                Select_Handle_Cont_Relay
 .text.open_relay
                0x08002acc       0x38 build/Common.o
                0x08002acc                open_relay
 .text.print_log
                0x08002b04       0x20 build/Common.o
                0x08002b04                print_log
 .text.task_foot_work_check
                0x08002b24       0x98 build/MCU_HOST.o
                0x08002b24                task_foot_work_check
 .text.delay_task_work_sta_timeout
                0x08002bbc       0x2c build/MCU_HOST.o
                0x08002bbc                delay_task_work_sta_timeout
 .text.task_sysLed
                0x08002be8       0x64 build/MCU_HOST.o
                0x08002be8                task_sysLed
 .text.read_Stm32UniqueCode
                0x08002c4c       0x20 build/MCU_HOST.o
                0x08002c4c                read_Stm32UniqueCode
 .text.get_secret_key
                0x08002c6c       0x48 build/MCU_HOST.o
                0x08002c6c                get_secret_key
 .text.secret_key_verify
                0x08002cb4       0x44 build/MCU_HOST.o
                0x08002cb4                secret_key_verify
 .text.write_head_tpye
                0x08002cf8      0x20c build/MCU_HOST.o
                0x08002cf8                write_head_tpye
 .text.aging_test
                0x08002f04      0x2d0 build/MCU_HOST.o
                0x08002f04                aging_test
 .text.handle_standby
                0x080031d4       0x9c build/MCU_HOST.o
                0x080031d4                handle_standby
 .text.ack_ready_to_host
                0x08003270       0x38 build/MCU_HOST.o
                0x08003270                ack_ready_to_host
 .text.Send_Handle_ActionTime_To_Host
                0x080032a8       0x58 build/MCU_HOST.o
                0x080032a8                Send_Handle_ActionTime_To_Host
 .text.Ack_Message_To_Host
                0x08003300       0x24 build/MCU_HOST.o
                0x08003300                Ack_Message_To_Host
 .text.Send_SN_To_Host
                0x08003324       0x50 build/MCU_HOST.o
                0x08003324                Send_SN_To_Host
 .text.Send_DACValue_to_Host
                0x08003374       0x38 build/MCU_HOST.o
                0x08003374                Send_DACValue_to_Host
 .text.Send_VfbValue_To_Host
                0x080033ac       0x20 build/MCU_HOST.o
                0x080033ac                Send_VfbValue_To_Host
 .text.Send_MicroRF_VfbValue_Host
                0x080033cc       0x30 build/MCU_HOST.o
                0x080033cc                Send_MicroRF_VfbValue_Host
 .text.Handle_Exist_Check
                0x080033fc       0x40 build/MCU_HOST.o
                0x080033fc                Handle_Exist_Check
 .text.usart2_rx_cmd
                0x0800343c      0xef4 build/MCU_HOST.o
                0x0800343c                usart2_rx_cmd
 .text.Send_HandleInfo_Status
                0x08004330       0x40 build/MCU_HOST.o
                0x08004330                Send_HandleInfo_Status
 .text.Send_HeadInfo_TreatCount
                0x08004370       0x4c build/MCU_HOST.o
                0x08004370                Send_HeadInfo_TreatCount
 .text.Send_Version_To_Host
                0x080043bc       0x40 build/MCU_HOST.o
                0x080043bc                Send_Version_To_Host
 .text.Send_ZR_To_Host
                0x080043fc       0x34 build/MCU_HOST.o
                0x080043fc                Send_ZR_To_Host
 .text.Send_Temp_To_Host
                0x08004430       0x48 build/MCU_HOST.o
                0x08004430                Send_Temp_To_Host
 .text.Send_Warning_To_Host
                0x08004478       0x3c build/MCU_HOST.o
                0x08004478                Send_Warning_To_Host
 .text.task_foot_pre_check
                0x080044b4       0xd8 build/MCU_HOST.o
                0x080044b4                task_foot_pre_check
 .text.task_logoled_pre_check
                0x0800458c       0x9c build/MCU_HOST.o
                0x0800458c                task_logoled_pre_check
 .text.Send_Frac_Vol_To_Host
                0x08004628       0x30 build/MCU_HOST.o
                0x08004628                Send_Frac_Vol_To_Host
 .text.MCUWorkStatus_To_Host
                0x08004658       0x44 build/MCU_HOST.o
                0x08004658                MCUWorkStatus_To_Host
 .text.Iap_Power_Update_Ready_Finish
                0x0800469c       0x2c build/MCU_HOST.o
                0x0800469c                Iap_Power_Update_Ready_Finish
 .text.Iap_Power_Update_Continue
                0x080046c8       0x2c build/MCU_HOST.o
                0x080046c8                Iap_Power_Update_Continue
 .text.read_foot_msg
                0x080046f4       0x14 build/MCU_HOST.o
                0x080046f4                read_foot_msg
 .text.read_foot_continue_down_flag
                0x08004708        0xc build/MCU_HOST.o
                0x08004708                read_foot_continue_down_flag
 .text.clear_host_connect_count
                0x08004714        0xc build/MCU_HOST.o
                0x08004714                clear_host_connect_count
 .text.clear_foot_msg
                0x08004720        0xc build/MCU_HOST.o
                0x08004720                clear_foot_msg
 .text.MCU_Reset_Init
                0x0800472c       0x1c build/MCU_HOST.o
                0x0800472c                MCU_Reset_Init
 .text.mainboard_timeout_heart_ack
                0x08004748       0x4c build/MCU_HOST.o
                0x08004748                mainboard_timeout_heart_ack
 .text.task_android_heart_check
                0x08004794       0x2c build/MCU_HOST.o
                0x08004794                task_android_heart_check
 .text.system_time_process
                0x080047c0       0xd8 build/MCU_HOST.o
                0x080047c0                system_time_process
 .text.func_task_init
                0x08004898       0xc0 build/MCU_HOST.o
                0x08004898                func_task_init
 .text.delay_task_init
                0x08004958       0xd0 build/MCU_HOST.o
                0x08004958                delay_task_init
 .text.var_init
                0x08004a28       0x38 build/MCU_HOST.o
                0x08004a28                var_init
 .text.task_process
                0x08004a60       0x48 build/MCU_HOST.o
                0x08004a60                task_process
 .text.Power_Ready_Finish
                0x08004aa8       0x64 build/MCU_POWER.o
                0x08004aa8                Power_Ready_Finish
 .text.set_host_to_power_iap_flag
                0x08004b0c       0x24 build/MCU_POWER.o
                0x08004b0c                set_host_to_power_iap_flag
 .text.power_upgrade_send_timeout
                0x08004b30       0x18 build/MCU_POWER.o
                0x08004b30                power_upgrade_send_timeout
 .text.get_power_status
                0x08004b48       0x18 build/MCU_POWER.o
                0x08004b48                get_power_status
 .text.set_power_enable_flag
                0x08004b60        0xc build/MCU_POWER.o
                0x08004b60                set_power_enable_flag
 .text.read_imped_out_flag
                0x08004b6c        0xc build/MCU_POWER.o
                0x08004b6c                read_imped_out_flag
 .text.clear_imped_out_flag
                0x08004b78        0xc build/MCU_POWER.o
                0x08004b78                clear_imped_out_flag
 .text.set_liti10_head_type
                0x08004b84        0xc build/MCU_POWER.o
                0x08004b84                set_liti10_head_type
 .text.set_handle_type_to_power
                0x08004b90       0x24 build/MCU_POWER.o
                0x08004b90                set_handle_type_to_power
 .text.set_head_type_to_power
                0x08004bb4       0x34 build/MCU_POWER.o
                0x08004bb4                set_head_type_to_power
 .text.set_rf_power_work_time
                0x08004be8        0xc build/MCU_POWER.o
                0x08004be8                set_rf_power_work_time
 .text.read_iap_power_type
                0x08004bf4        0xc build/MCU_POWER.o
                0x08004bf4                read_iap_power_type
 .text.read_power_iap_sta
                0x08004c00        0xc build/MCU_POWER.o
                0x08004c00                read_power_iap_sta
 .text.Send_Temp_To_Power
                0x08004c0c       0x40 build/MCU_POWER.o
                0x08004c0c                Send_Temp_To_Power
 .text.Send_ReadyCMD_To_Power
                0x08004c4c       0x78 build/MCU_POWER.o
                0x08004c4c                Send_ReadyCMD_To_Power
 .text.Send_Message_To_Power
                0x08004cc4       0x24 build/MCU_POWER.o
                0x08004cc4                Send_Message_To_Power
 .text.usart3_rx_cmd
                0x08004ce8      0x6d0 build/MCU_POWER.o
                0x08004ce8                usart3_rx_cmd
 .text.power_msg_process
                0x080053b8       0xa8 build/MCU_POWER.o
                0x080053b8                power_msg_process
 .text.read_power_new_version
                0x08005460        0xc build/MCU_POWER.o
                0x08005460                read_power_new_version
 .text.Send_DataMessage_To_Power
                0x0800546c       0x24 build/MCU_POWER.o
                0x0800546c                Send_DataMessage_To_Power
 .text.Send_Update_CMD_To_Power
                0x08005490       0x28 build/MCU_POWER.o
                0x08005490                Send_Update_CMD_To_Power
 .text.task_rf_power_check
                0x080054b8       0xec build/MCU_POWER.o
                0x080054b8                task_rf_power_check
 .text.delay_task_rf_power_comm
                0x080055a4       0x74 build/MCU_POWER.o
                0x080055a4                delay_task_rf_power_comm
 .text.DS28E01_IO_IN
                0x08005618       0x20 build/DS28E01.o
                0x08005618                DS28E01_IO_IN
 .text.DS28E01_IO_OUT
                0x08005638       0x20 build/DS28E01.o
                0x08005638                DS28E01_IO_OUT
 .text.DS28E01_Reset
                0x08005658       0x94 build/DS28E01.o
                0x08005658                DS28E01_Reset
 .text.DS28E01_ReadByte
                0x080056ec       0xde build/DS28E01.o
                0x080056ec                DS28E01_ReadByte
 .text.DS28E01_WriteByte
                0x080057ca       0x60 build/DS28E01.o
                0x080057ca                DS28E01_WriteByte
 *fill*         0x0800582a        0x2 
 .text.Readrom_DS28E01
                0x0800582c       0x3c build/DS28E01.o
                0x0800582c                Readrom_DS28E01
 .text.readmemo
                0x08005868       0x9c build/DS28E01.o
                0x08005868                readmemo
 .text.Loading_secret
                0x08005904        0x4 build/DS28E01.o
                0x08005904                Loading_secret
 .text.copyscrath
                0x08005908      0x130 build/DS28E01.o
                0x08005908                copyscrath
 .text.docrc16  0x08005a38       0x4c build/DS28E01.o
                0x08005a38                docrc16
 .text.writesc  0x08005a84       0xcc build/DS28E01.o
                0x08005a84                writesc
 .text.readsc   0x08005b50       0x78 build/DS28E01.o
                0x08005b50                readsc
 .text.writeowee
                0x08005bc8       0x44 build/DS28E01.o
                0x08005bc8                writeowee
 .text.writememo
                0x08005c0c      0x10c build/DS28E01.o
                0x08005c0c                writememo
 .text.SHAVM_Compute
                0x08005d18      0x214 build/SHA.o
                0x08005d18                SHAVM_Compute
 .text.myprint  0x08005f2c       0x28 build/MCU_MicroRF.o
 .text.read_era_iap_sta
                0x08005f54        0xc build/MCU_MicroRF.o
                0x08005f54                read_era_iap_sta
 .text.set_era_iap_sta
                0x08005f60        0xc build/MCU_MicroRF.o
                0x08005f60                set_era_iap_sta
 .text.get_microrf_head_type
                0x08005f6c        0xc build/MCU_MicroRF.o
                0x08005f6c                get_microrf_head_type
 .text.air_pump_onoff
                0x08005f78       0x50 build/MCU_MicroRF.o
                0x08005f78                air_pump_onoff
 .text.sol_valve_onoff
                0x08005fc8       0x38 build/MCU_MicroRF.o
                0x08005fc8                sol_valve_onoff
 .text.set_microrf_handle_delay_task
                0x08006000       0x2c build/MCU_MicroRF.o
                0x08006000                set_microrf_handle_delay_task
 .text.rx_head_temper
                0x0800602c       0xe4 build/MCU_MicroRF.o
                0x0800602c                rx_head_temper
 .text.AirPump_Switch_Cmd
                0x08006110       0x40 build/MCU_MicroRF.o
                0x08006110                AirPump_Switch_Cmd
 .text.MicroRF_Handle_RF_Output_Flag
                0x08006150       0x68 build/MCU_MicroRF.o
                0x08006150                MicroRF_Handle_RF_Output_Flag
 .text.MicroHandle_TreatCount
                0x080061b8       0xa0 build/MCU_MicroRF.o
                0x080061b8                MicroHandle_TreatCount
 .text.Send_TimeLenth_To_MicroHandle
                0x08006258      0x1a4 build/MCU_MicroRF.o
                0x08006258                Send_TimeLenth_To_MicroHandle
 .text.send_time_lenth_to_ERA
                0x080063fc       0xe0 build/MCU_MicroRF.o
                0x080063fc                send_time_lenth_to_ERA
 .text.Send_FinishCMD_To_MicroHandle
                0x080064dc       0xa8 build/MCU_MicroRF.o
                0x080064dc                Send_FinishCMD_To_MicroHandle
 .text.MicroRF_Output_Finish
                0x08006584       0x34 build/MCU_MicroRF.o
                0x08006584                MicroRF_Output_Finish
 .text.MotorReturn
                0x080065b8       0x24 build/MCU_MicroRF.o
                0x080065b8                MotorReturn
 .text.MicroRF_Stoped
                0x080065dc       0x28 build/MCU_MicroRF.o
                0x080065dc                MicroRF_Stoped
 .text.microrf_foot_work_check
                0x08006604      0x3c8 build/MCU_MicroRF.o
                0x08006604                microrf_foot_work_check
 .text.Save_ActionTime_To_MicroHandle
                0x080069cc      0x114 build/MCU_MicroRF.o
                0x080069cc                Save_ActionTime_To_MicroHandle
 .text.get_microrf_9p_head_flag
                0x08006ae0        0xc build/MCU_MicroRF.o
                0x08006ae0                get_microrf_9p_head_flag
 .text.microrf_standby
                0x08006aec       0xd0 build/MCU_MicroRF.o
                0x08006aec                microrf_standby
 .text.set_test_mode
                0x08006bbc        0xc build/MCU_MicroRF.o
                0x08006bbc                set_test_mode
 .text.clear_test_mode
                0x08006bc8       0x3c build/MCU_MicroRF.o
                0x08006bc8                clear_test_mode
 .text.Read_MicroRF_Lenth
                0x08006c04       0x24 build/MCU_MicroRF.o
                0x08006c04                Read_MicroRF_Lenth
 .text.Output_MicroRF_Test_Lenth
                0x08006c28       0x44 build/MCU_MicroRF.o
                0x08006c28                Output_MicroRF_Test_Lenth
 .text.microrf_motor_calib
                0x08006c6c       0x78 build/MCU_MicroRF.o
                0x08006c6c                microrf_motor_calib
 .text.read_microrf_checksum
                0x08006ce4       0x28 build/MCU_MicroRF.o
                0x08006ce4                read_microrf_checksum
 .text.MicroRF_Motor_Reset
                0x08006d0c       0x10 build/MCU_MicroRF.o
                0x08006d0c                MicroRF_Motor_Reset
 .text.Save_Calib_MicroRF_Lenth
                0x08006d1c       0xb8 build/MCU_MicroRF.o
                0x08006d1c                Save_Calib_MicroRF_Lenth
 .text.read_save_head_calib_lenth
                0x08006dd4       0xa4 build/MCU_MicroRF.o
                0x08006dd4                read_save_head_calib_lenth
 .text.calib_head_lenth
                0x08006e78       0x54 build/MCU_MicroRF.o
                0x08006e78                calib_head_lenth
 .text.read_motor_pos
                0x08006ecc       0x2c build/MCU_MicroRF.o
                0x08006ecc                read_motor_pos
 .text.read_13_tag_number
                0x08006ef8       0x58 build/MCU_MicroRF.o
                0x08006ef8                read_13_tag_number
 .text.calib_open_relay
                0x08006f50       0x3c build/MCU_MicroRF.o
                0x08006f50                calib_open_relay
 .text.send_iap_start_to_era
                0x08006f8c       0x40 build/MCU_MicroRF.o
                0x08006f8c                send_iap_start_to_era
 .text.iap_send_data_ear_handle
                0x08006fcc       0xc0 build/MCU_MicroRF.o
                0x08006fcc                iap_send_data_ear_handle
 .text.era_iap_upgrade_finish
                0x0800708c       0x28 build/MCU_MicroRF.o
                0x0800708c                era_iap_upgrade_finish
 .text.era_iap_upgrade_start
                0x080070b4       0x50 build/MCU_MicroRF.o
                0x080070b4                era_iap_upgrade_start
 .text.Send_CMD_To_MicroRF
                0x08007104       0x98 build/MCU_MicroRF.o
                0x08007104                Send_CMD_To_MicroRF
 .text.usart1_rx_cmd
                0x0800719c      0xf24 build/MCU_MicroRF.o
                0x0800719c                usart1_rx_cmd
 .text.microrf_ready
                0x080080c0      0x1dc build/MCU_MicroRF.o
                0x080080c0                microrf_ready
 .text.MicroRF_Pull_Out
                0x0800829c      0x134 build/MCU_MicroRF.o
                0x0800829c                MicroRF_Pull_Out
 .text.delay_task_microrf_rw_sn
                0x080083d0       0xf0 build/MCU_MicroRF.o
                0x080083d0                delay_task_microrf_rw_sn
 .text.delay_task_microrf_handle
                0x080084c0      0x138 build/MCU_MicroRF.o
                0x080084c0                delay_task_microrf_handle
 .text.delay_task_microrf_airpump
                0x080085f8       0x38 build/MCU_MicroRF.o
                0x080085f8                delay_task_microrf_airpump
 .text.delay_task_microrf_over_time_check
                0x08008630        0xc build/MCU_MicroRF.o
                0x08008630                delay_task_microrf_over_time_check
 .text.task_microrf_handle_pre_check
                0x0800863c      0x19c build/MCU_MicroRF.o
                0x0800863c                task_microrf_handle_pre_check
 .text.task_era_handle_heart
                0x080087d8       0xc4 build/MCU_MicroRF.o
                0x080087d8                task_era_handle_heart
 .text.microrf_init
                0x0800889c       0x40 build/MCU_MicroRF.o
                0x0800889c                microrf_init
 .text.liti_foot_work_check
                0x080088dc      0x2d0 build/MCU_Liti.o
                0x080088dc                liti_foot_work_check
 .text.set_focusrf_port_handle_ready
                0x08008bac       0x10 build/MCU_Liti.o
                0x08008bac                set_focusrf_port_handle_ready
 .text.get_focusrf_head_type
                0x08008bbc        0xc build/MCU_Liti.o
                0x08008bbc                get_focusrf_head_type
 .text.pure_ready
                0x08008bc8       0x8c build/MCU_Liti.o
                0x08008bc8                pure_ready
 .text.pure_standby
                0x08008c54       0x2c build/MCU_Liti.o
                0x08008c54                pure_standby
 .text.focusrf_ready
                0x08008c80       0x80 build/MCU_Liti.o
                0x08008c80                focusrf_ready
 .text.focusrf_standby
                0x08008d00       0x50 build/MCU_Liti.o
                0x08008d00                focusrf_standby
 .text.liti_ready
                0x08008d50       0x88 build/MCU_Liti.o
                0x08008d50                liti_ready
 .text.liti_standby
                0x08008dd8       0x40 build/MCU_Liti.o
                0x08008dd8                liti_standby
 .text.liti_rev_power_ack_standby
                0x08008e18       0x28 build/MCU_Liti.o
                0x08008e18                liti_rev_power_ack_standby
 .text.focusrf_port_read_sn
                0x08008e40       0x5c build/MCU_Liti.o
                0x08008e40                focusrf_port_read_sn
 .text.focusrf_port_read_save_actiontime
                0x08008e9c      0x114 build/MCU_Liti.o
                0x08008e9c                focusrf_port_read_save_actiontime
 .text.read_head_total_count
                0x08008fb0       0x4c build/MCU_Liti.o
                0x08008fb0                read_head_total_count
 .text.read_head_all_usedtime
                0x08008ffc       0x90 build/MCU_Liti.o
                0x08008ffc                read_head_all_usedtime
 .text.write_head_once_usedtime
                0x0800908c      0x108 build/MCU_Liti.o
                0x0800908c                write_head_once_usedtime
 .text.read_pure_head_count
                0x08009194       0x30 build/MCU_Liti.o
                0x08009194                read_pure_head_count
 .text.read_liti_head_count
                0x080091c4       0x84 build/MCU_Liti.o
                0x080091c4                read_liti_head_count
 .text.focusrf_port_host_time_finish
                0x08009248       0x68 build/MCU_Liti.o
                0x08009248                focusrf_port_host_time_finish
 .text.pure_output_finish
                0x080092b0       0xf4 build/MCU_Liti.o
                0x080092b0                pure_output_finish
 .text.focusrf_temper_transfer_enable
                0x080093a4       0x20 build/MCU_Liti.o
                0x080093a4                focusrf_temper_transfer_enable
 *fill*         0x080093c4        0x4 
 .text.read_liti_temper
                0x080093c8      0x4d4 build/MCU_Liti.o
                0x080093c8                read_liti_temper
 *fill*         0x0800989c        0x4 
 .text.read_focusrf_temper
                0x080098a0      0x184 build/MCU_Liti.o
                0x080098a0                read_focusrf_temper
 .text.focusrf_port_temper_read
                0x08009a24       0x5c build/MCU_Liti.o
                0x08009a24                focusrf_port_temper_read
 .text.focusrf_handle_cont
                0x08009a80       0x78 build/MCU_Liti.o
                0x08009a80                focusrf_handle_cont
 .text.pure_handle_cont
                0x08009af8       0x98 build/MCU_Liti.o
                0x08009af8                pure_handle_cont
 .text.liti_handle_cont
                0x08009b90       0xe4 build/MCU_Liti.o
                0x08009b90                liti_handle_cont
 .text.liti4_head_pull_out
                0x08009c74       0x58 build/MCU_Liti.o
                0x08009c74                liti4_head_pull_out
 .text.liti4_head_check
                0x08009ccc       0xd4 build/MCU_Liti.o
                0x08009ccc                liti4_head_check
 .text.focusrf_port_handle_pull_out
                0x08009da0      0x104 build/MCU_Liti.o
                0x08009da0                focusrf_port_handle_pull_out
 .text.focusrf_port_handle_msg_read
                0x08009ea4       0xa0 build/MCU_Liti.o
                0x08009ea4                focusrf_port_handle_msg_read
 .text.task_focusrf_handle_pre_check
                0x08009f44      0x118 build/MCU_Liti.o
                0x08009f44                task_focusrf_handle_pre_check
 .text.delay_task_focusrf_port_handle
                0x0800a05c       0x94 build/MCU_Liti.o
                0x0800a05c                delay_task_focusrf_port_handle
 .text.delay_task_imped_out_light_red
                0x0800a0f0       0x18 build/MCU_Liti.o
                0x0800a0f0                delay_task_imped_out_light_red
 .text.focusrf_init
                0x0800a108       0x1c build/MCU_Liti.o
                0x0800a108                focusrf_init
 .text.scanjet_ready
                0x0800a124       0xc4 build/MCU_Fractional.o
                0x0800a124                scanjet_ready
 .text.set_scanjet_level
                0x0800a1e8        0xc build/MCU_Fractional.o
                0x0800a1e8                set_scanjet_level
 .text.Enter_Plasma_Window
                0x0800a1f4       0x20 build/MCU_Fractional.o
                0x0800a1f4                Enter_Plasma_Window
 .text.Frac_Handle_COMM
                0x0800a214       0x1c build/MCU_Fractional.o
                0x0800a214                Frac_Handle_COMM
 .text.Frac_Standby
                0x0800a230       0x2c build/MCU_Fractional.o
                0x0800a230                Frac_Standby
 .text.MCU_SendReadyCMD_To_FracHandle
                0x0800a25c       0x3c build/MCU_Fractional.o
                0x0800a25c                MCU_SendReadyCMD_To_FracHandle
 .text.scanrf_ready
                0x0800a298       0x60 build/MCU_Fractional.o
                0x0800a298                scanrf_ready
 .text.Send_Vol_To_Frac
                0x0800a2f8       0x30 build/MCU_Fractional.o
                0x0800a2f8                Send_Vol_To_Frac
 .text.Plasma_Handle_COMM
                0x0800a328       0xec build/MCU_Fractional.o
                0x0800a328                Plasma_Handle_COMM
 .text.scanrf_foot_work_check
                0x0800a414       0xc0 build/MCU_Fractional.o
                0x0800a414                scanrf_foot_work_check
 .text.Plasma_Stop
                0x0800a4d4       0x2c build/MCU_Fractional.o
                0x0800a4d4                Plasma_Stop
 .text.Plasma_Standby
                0x0800a500       0x2c build/MCU_Fractional.o
                0x0800a500                Plasma_Standby
 .text.Read_Plasma_ActionTime
                0x0800a52c       0x20 build/MCU_Fractional.o
                0x0800a52c                Read_Plasma_ActionTime
 .text.usart4_rx_cmd
                0x0800a54c      0x578 build/MCU_Fractional.o
                0x0800a54c                usart4_rx_cmd
 .text.Send_ActionTime_To_Plasma
                0x0800aac4       0x50 build/MCU_Fractional.o
                0x0800aac4                Send_ActionTime_To_Plasma
 .text.scanjet_pull_out
                0x0800ab14       0x90 build/MCU_Fractional.o
                0x0800ab14                scanjet_pull_out
 .text.task_scanjet_handle_pre_check
                0x0800aba4       0xc0 build/MCU_Fractional.o
                0x0800aba4                task_scanjet_handle_pre_check
 .text.delay_task_scanjet_port_handle
                0x0800ac64       0xcc build/MCU_Fractional.o
                0x0800ac64                delay_task_scanjet_port_handle
 .text.scanjet_init
                0x0800ad30       0x10 build/MCU_Fractional.o
                0x0800ad30                scanjet_init
 .text.ADC1_Mode_Config
                0x0800ad40      0x104 build/adc20190609.o
 .text.DMA_Configuration
                0x0800ae44       0x8c build/adc20190609.o
 .text.ADC_Config_To_Channel
                0x0800aed0        0xc build/adc20190609.o
                0x0800aed0                ADC_Config_To_Channel
 .text.Filter   0x0800aedc       0x3a build/adc20190609.o
                0x0800aedc                Filter
 *fill*         0x0800af16        0x2 
 .text.get_temper_adc
                0x0800af18       0x8c build/adc20190609.o
                0x0800af18                get_temper_adc
 .text.get_dma_temper_transfer_complete_flag
                0x0800afa4        0xc build/adc20190609.o
                0x0800afa4                get_dma_temper_transfer_complete_flag
 .text.clear_dma_temper_transfer_complete_flag
                0x0800afb0        0xc build/adc20190609.o
                0x0800afb0                clear_dma_temper_transfer_complete_flag
 .text.DMA1_Channel1_IRQHandler
                0x0800afbc       0x30 build/adc20190609.o
                0x0800afbc                DMA1_Channel1_IRQHandler
 .text.func_task
                0x0800afec       0x58 build/Task.o
                0x0800afec                func_task
 .text.create_task
                0x0800b044       0x2c build/Task.o
                0x0800b044                create_task
 .text.start_task
                0x0800b070       0x14 build/Task.o
                0x0800b070                start_task
 .text.stop_task
                0x0800b084       0x1c build/Task.o
                0x0800b084                stop_task
 .text.delay_task
                0x0800b0a0       0x74 build/softtimer.o
                0x0800b0a0                delay_task
 .text.create_delay_task
                0x0800b114       0x30 build/softtimer.o
                0x0800b114                create_delay_task
 .text.start_delay_task
                0x0800b144       0x28 build/softtimer.o
                0x0800b144                start_delay_task
 .text.get_delay_task_runcount
                0x0800b16c       0x14 build/softtimer.o
                0x0800b16c                get_delay_task_runcount
 .text.stop_delay_task
                0x0800b180       0x20 build/softtimer.o
                0x0800b180                stop_delay_task
 .text.copy_data
                0x0800b1a0       0x16 build/serial_protocol.o
                0x0800b1a0                copy_data
 .text.poll_com_transmit_frame_and_send
                0x0800b1b6       0x1c build/serial_protocol.o
                0x0800b1b6                poll_com_transmit_frame_and_send
 .text.package_com_data
                0x0800b1d2      0x134 build/serial_protocol.o
                0x0800b1d2                package_com_data
 .text.microrf_package_com_data
                0x0800b306       0x8a build/serial_protocol.o
                0x0800b306                microrf_package_com_data
 .text.microrf_poll_com_transmit_frame_and_send
                0x0800b390       0x1c build/serial_protocol.o
                0x0800b390                microrf_poll_com_transmit_frame_and_send
 .text.usart1_rx_timeout
                0x0800b3ac       0x10 build/serial_protocol.o
                0x0800b3ac                usart1_rx_timeout
 .text.usart1_tx_timeout
                0x0800b3bc       0x14 build/serial_protocol.o
                0x0800b3bc                usart1_tx_timeout
 .text.usart2_rx_timeout
                0x0800b3d0       0x10 build/serial_protocol.o
                0x0800b3d0                usart2_rx_timeout
 .text.usart2_tx_timeout
                0x0800b3e0       0x14 build/serial_protocol.o
                0x0800b3e0                usart2_tx_timeout
 .text.usart3_rx_timeout
                0x0800b3f4       0x10 build/serial_protocol.o
                0x0800b3f4                usart3_rx_timeout
 .text.usart3_tx_timeout
                0x0800b404       0x14 build/serial_protocol.o
                0x0800b404                usart3_tx_timeout
 .text.usart4_rx_timeout
                0x0800b418       0x10 build/serial_protocol.o
                0x0800b418                usart4_rx_timeout
 .text.usart4_tx_timeout
                0x0800b428       0x14 build/serial_protocol.o
                0x0800b428                usart4_tx_timeout
 .text.usart_rx_process
                0x0800b43c       0x24 build/serial_protocol.o
                0x0800b43c                usart_rx_process
 .text.usart_tx_process
                0x0800b460       0x2c build/serial_protocol.o
                0x0800b460                usart_tx_process
 .text.usart3_rx_process
                0x0800b48c       0x10 build/serial_protocol.o
                0x0800b48c                usart3_rx_process
 .text.usart1_para_init
                0x0800b49c       0xfc build/serial_rx_tx.o
                0x0800b49c                usart1_para_init
 .text.usart2_para_init
                0x0800b598       0xfc build/serial_rx_tx.o
                0x0800b598                usart2_para_init
 .text.usart3_para_init
                0x0800b694      0x100 build/serial_rx_tx.o
                0x0800b694                usart3_para_init
 .text.usart4_para_init
                0x0800b794       0xfc build/serial_rx_tx.o
                0x0800b794                usart4_para_init
 .text.extract_cmd_frame_then_send
                0x0800b890       0xdc build/serial_rx_tx.o
                0x0800b890                extract_cmd_frame_then_send
 .text.write_frame_txbuf
                0x0800b96c       0x84 build/serial_rx_tx.o
                0x0800b96c                write_frame_txbuf
 .text.iap_send_data_to_slave
                0x0800b9f0       0x80 build/serial_rx_tx.o
                0x0800b9f0                iap_send_data_to_slave
 .text.microrf_write_frame_txbuf
                0x0800ba70       0x78 build/serial_rx_tx.o
                0x0800ba70                microrf_write_frame_txbuf
 .text.microrf_extract_cmd_frame_then_send
                0x0800bae8       0x88 build/serial_rx_tx.o
                0x0800bae8                microrf_extract_cmd_frame_then_send
 .text.check_frame_pool_empty
                0x0800bb70        0x6 build/serial_rx_tx.o
                0x0800bb70                check_frame_pool_empty
 .text.check_rxbuf_empty
                0x0800bb76       0x14 build/serial_rx_tx.o
                0x0800bb76                check_rxbuf_empty
 .text.read_rxbuf
                0x0800bb8a       0x24 build/serial_rx_tx.o
                0x0800bb8a                read_rxbuf
 .text.clear_dma_send_busy_flag
                0x0800bbae       0x30 build/serial_rx_tx.o
                0x0800bbae                clear_dma_send_busy_flag
 .text.usart3_dma_send_immed
                0x0800bbde       0xac build/serial_rx_tx.o
                0x0800bbde                usart3_dma_send_immed
 .text.usart1_dma_send_immed
                0x0800bc8a       0x62 build/serial_rx_tx.o
                0x0800bc8a                usart1_dma_send_immed
 .text.CRC16    0x0800bcec       0x38 build/crc16.o
                0x0800bcec                CRC16
 .text._GetAvailWriteSpace
                0x0800bd24       0x18 build/SEGGER_RTT.o
 .text._WriteNoCheck
                0x0800bd3c       0x44 build/SEGGER_RTT.o
 .text._WriteBlocking
                0x0800bd80       0x5e build/SEGGER_RTT.o
 *fill*         0x0800bdde        0x2 
 .text._DoInit  0x0800bde0       0x64 build/SEGGER_RTT.o
 .text.SEGGER_RTT_WriteNoLock
                0x0800be44       0x6c build/SEGGER_RTT.o
                0x0800be44                SEGGER_RTT_WriteNoLock
 .text.SEGGER_RTT_Write
                0x0800beb0       0x34 build/SEGGER_RTT.o
                0x0800beb0                SEGGER_RTT_Write
 .text.SEGGER_RTT_Init
                0x0800bee4        0x8 build/SEGGER_RTT.o
                0x0800bee4                SEGGER_RTT_Init
 .text._StoreChar
                0x0800beec       0x40 build/SEGGER_RTT_printf.o
 .text._PrintUnsigned
                0x0800bf2c       0xe0 build/SEGGER_RTT_printf.o
 .text._PrintInt
                0x0800c00c       0xea build/SEGGER_RTT_printf.o
 *fill*         0x0800c0f6        0x2 
 .text.SEGGER_RTT_vprintf
                0x0800c0f8      0x1f0 build/SEGGER_RTT_printf.o
                0x0800c0f8                SEGGER_RTT_vprintf
 .text.Reset_Handler
                0x0800c2e8       0x48 build/startup_stm32f103xe.o
                0x0800c2e8                Reset_Handler
 .text.Default_Handler
                0x0800c330        0x2 build/startup_stm32f103xe.o
                0x0800c330                RTC_Alarm_IRQHandler
                0x0800c330                EXTI2_IRQHandler
                0x0800c330                TIM8_TRG_COM_IRQHandler
                0x0800c330                TIM8_CC_IRQHandler
                0x0800c330                TIM1_CC_IRQHandler
                0x0800c330                PVD_IRQHandler
                0x0800c330                SDIO_IRQHandler
                0x0800c330                EXTI3_IRQHandler
                0x0800c330                EXTI0_IRQHandler
                0x0800c330                I2C2_EV_IRQHandler
                0x0800c330                ADC1_2_IRQHandler
                0x0800c330                SPI1_IRQHandler
                0x0800c330                TAMPER_IRQHandler
                0x0800c330                TIM8_UP_IRQHandler
                0x0800c330                DMA2_Channel2_IRQHandler
                0x0800c330                RTC_IRQHandler
                0x0800c330                CAN1_RX1_IRQHandler
                0x0800c330                UART5_IRQHandler
                0x0800c330                ADC3_IRQHandler
                0x0800c330                DMA2_Channel1_IRQHandler
                0x0800c330                I2C1_EV_IRQHandler
                0x0800c330                DMA1_Channel6_IRQHandler
                0x0800c330                RCC_IRQHandler
                0x0800c330                TIM1_TRG_COM_IRQHandler
                0x0800c330                Default_Handler
                0x0800c330                EXTI15_10_IRQHandler
                0x0800c330                EXTI9_5_IRQHandler
                0x0800c330                SPI2_IRQHandler
                0x0800c330                DMA1_Channel5_IRQHandler
                0x0800c330                EXTI4_IRQHandler
                0x0800c330                USB_LP_CAN1_RX0_IRQHandler
                0x0800c330                USB_HP_CAN1_TX_IRQHandler
                0x0800c330                DMA1_Channel3_IRQHandler
                0x0800c330                FSMC_IRQHandler
                0x0800c330                TIM1_UP_IRQHandler
                0x0800c330                WWDG_IRQHandler
                0x0800c330                TIM1_BRK_IRQHandler
                0x0800c330                EXTI1_IRQHandler
                0x0800c330                I2C2_ER_IRQHandler
                0x0800c330                TIM8_BRK_IRQHandler
                0x0800c330                CAN1_SCE_IRQHandler
                0x0800c330                FLASH_IRQHandler
                0x0800c330                SPI3_IRQHandler
                0x0800c330                I2C1_ER_IRQHandler
                0x0800c330                USBWakeUp_IRQHandler
                0x0800c330                DMA2_Channel3_IRQHandler
 *fill*         0x0800c332        0x2 
 .text.__libc_init_array
                0x0800c334       0x48 c:/program files (x86)/vs_code_soft/gcc-arm-none-eabi-10-2020-q4-major/bin/../lib/gcc/arm-none-eabi/10.2.1/../../../../arm-none-eabi/lib/thumb/v7-m/nofp\libc_nano.a(lib_a-init.o)
                0x0800c334                __libc_init_array
 .text.memcpy   0x0800c37c       0x1c c:/program files (x86)/vs_code_soft/gcc-arm-none-eabi-10-2020-q4-major/bin/../lib/gcc/arm-none-eabi/10.2.1/../../../../arm-none-eabi/lib/thumb/v7-m/nofp\libc_nano.a(lib_a-memcpy-stub.o)
                0x0800c37c                memcpy
 .text.memset   0x0800c398       0x10 c:/program files (x86)/vs_code_soft/gcc-arm-none-eabi-10-2020-q4-major/bin/../lib/gcc/arm-none-eabi/10.2.1/../../../../arm-none-eabi/lib/thumb/v7-m/nofp\libc_nano.a(lib_a-memset.o)
                0x0800c398                memset
 .text.log      0x0800c3a8       0x74 c:/program files (x86)/vs_code_soft/gcc-arm-none-eabi-10-2020-q4-major/bin/../lib/gcc/arm-none-eabi/10.2.1/../../../../arm-none-eabi/lib/thumb/v7-m/nofp\libm.a(lib_a-w_log.o)
                0x0800c3a8                log
 *fill*         0x0800c41c        0x4 
 .text.__ieee754_log
                0x0800c420      0x400 c:/program files (x86)/vs_code_soft/gcc-arm-none-eabi-10-2020-q4-major/bin/../lib/gcc/arm-none-eabi/10.2.1/../../../../arm-none-eabi/lib/thumb/v7-m/nofp\libm.a(lib_a-e_log.o)
                0x0800c420                __ieee754_log
 .text.nan      0x0800c820        0xc c:/program files (x86)/vs_code_soft/gcc-arm-none-eabi-10-2020-q4-major/bin/../lib/gcc/arm-none-eabi/10.2.1/../../../../arm-none-eabi/lib/thumb/v7-m/nofp\libm.a(lib_a-s_nan.o)
                0x0800c820                nan
 .text.__errno  0x0800c82c        0xc c:/program files (x86)/vs_code_soft/gcc-arm-none-eabi-10-2020-q4-major/bin/../lib/gcc/arm-none-eabi/10.2.1/../../../../arm-none-eabi/lib/thumb/v7-m/nofp\libc_nano.a(lib_a-errno.o)
                0x0800c82c                __errno
 *(.glue_7)
 .glue_7        0x0800c838        0x0 linker stubs
 *(.glue_7t)
 .glue_7t       0x0800c838        0x0 linker stubs
 *(.eh_frame)
 .eh_frame      0x0800c838        0x0 c:/program files (x86)/vs_code_soft/gcc-arm-none-eabi-10-2020-q4-major/bin/../lib/gcc/arm-none-eabi/10.2.1/thumb/v7-m/nofp/crtbegin.o
 *(.init)
 .init          0x0800c838        0x4 c:/program files (x86)/vs_code_soft/gcc-arm-none-eabi-10-2020-q4-major/bin/../lib/gcc/arm-none-eabi/10.2.1/thumb/v7-m/nofp/crti.o
                0x0800c838                _init
 .init          0x0800c83c        0x8 c:/program files (x86)/vs_code_soft/gcc-arm-none-eabi-10-2020-q4-major/bin/../lib/gcc/arm-none-eabi/10.2.1/thumb/v7-m/nofp/crtn.o
 *(.fini)
 .fini          0x0800c844        0x4 c:/program files (x86)/vs_code_soft/gcc-arm-none-eabi-10-2020-q4-major/bin/../lib/gcc/arm-none-eabi/10.2.1/thumb/v7-m/nofp/crti.o
                0x0800c844                _fini
 .fini          0x0800c848        0x8 c:/program files (x86)/vs_code_soft/gcc-arm-none-eabi-10-2020-q4-major/bin/../lib/gcc/arm-none-eabi/10.2.1/thumb/v7-m/nofp/crtn.o
                0x0800c850                . = ALIGN (0x4)
                0x0800c850                _etext = .

.vfp11_veneer   0x0800c850        0x0
 .vfp11_veneer  0x0800c850        0x0 linker stubs

.v4_bx          0x0800c850        0x0
 .v4_bx         0x0800c850        0x0 linker stubs

.iplt           0x0800c850        0x0
 .iplt          0x0800c850        0x0 c:/program files (x86)/vs_code_soft/gcc-arm-none-eabi-10-2020-q4-major/bin/../lib/gcc/arm-none-eabi/10.2.1/thumb/v7-m/nofp/crtbegin.o

.rodata         0x0800c850     0x1574
                0x0800c850                . = ALIGN (0x4)
 *(.rodata)
 .rodata        0x0800c850        0x3 build/MCU_HOST.o
 *fill*         0x0800c853        0x1 
 .rodata        0x0800c854        0x8 build/DS28E01.o
 .rodata        0x0800c85c      0x45a build/MCU_MicroRF.o
 *(.rodata*)
 *fill*         0x0800ccb6        0x2 
 .rodata.key_auchCRCHi
                0x0800ccb8      0x100 build/secret_key.o
                0x0800ccb8                key_auchCRCHi
 .rodata.key_auchCRCLo
                0x0800cdb8      0x100 build/secret_key.o
                0x0800cdb8                key_auchCRCLo
 .rodata.task_foot_work_check.str1.4
                0x0800ceb8       0x20 build/MCU_HOST.o
 .rodata.task_sysLed.str1.4
                0x0800ced8       0x1d build/MCU_HOST.o
 *fill*         0x0800cef5        0x3 
 .rodata.secret_key_verify.str1.4
                0x0800cef8       0x2a build/MCU_HOST.o
 *fill*         0x0800cf22        0x2 
 .rodata.handle_standby.str1.4
                0x0800cf24       0x1a build/MCU_HOST.o
 *fill*         0x0800cf3e        0x2 
 .rodata.usart2_rx_cmd.str1.4
                0x0800cf40      0x233 build/MCU_HOST.o
 *fill*         0x0800d173        0x1 
 .rodata.task_foot_pre_check.str1.4
                0x0800d174       0x26 build/MCU_HOST.o
 *fill*         0x0800d19a        0x2 
 .rodata.MCU_Reset_Init.str1.4
                0x0800d19c       0x10 build/MCU_HOST.o
 .rodata.mainboard_timeout_heart_ack.str1.4
                0x0800d1ac       0x1f build/MCU_HOST.o
 *fill*         0x0800d1cb        0x1 
 .rodata.handleheadcode
                0x0800d1cc        0x6 build/MCU_HOST.o
 *fill*         0x0800d1d2        0x2 
 .rodata.usart3_rx_cmd.str1.4
                0x0800d1d4      0x13c build/MCU_POWER.o
 .rodata.oddparity
                0x0800d310       0x10 build/DS28E01.o
 .rodata.air_pump_onoff.str1.4
                0x0800d320       0x26 build/MCU_MicroRF.o
 *fill*         0x0800d346        0x2 
 .rodata.sol_valve_onoff.str1.4
                0x0800d348       0x27 build/MCU_MicroRF.o
 *fill*         0x0800d36f        0x1 
 .rodata.set_microrf_handle_delay_task.str1.4
                0x0800d370       0x2b build/MCU_MicroRF.o
 *fill*         0x0800d39b        0x1 
 .rodata.MicroRF_Handle_RF_Output_Flag.str1.4
                0x0800d39c       0x1c build/MCU_MicroRF.o
 .rodata.MicroHandle_TreatCount.str1.4
                0x0800d3b8       0x28 build/MCU_MicroRF.o
 .rodata.microrf_foot_work_check.str1.4
                0x0800d3e0       0x1f build/MCU_MicroRF.o
 *fill*         0x0800d3ff        0x1 
 .rodata.microrf_standby.str1.4
                0x0800d400       0x1c build/MCU_MicroRF.o
 .rodata.Read_MicroRF_Lenth.str1.4
                0x0800d41c        0x8 build/MCU_MicroRF.o
 .rodata.Output_MicroRF_Test_Lenth.str1.4
                0x0800d424        0xb build/MCU_MicroRF.o
 *fill*         0x0800d42f        0x1 
 .rodata.microrf_motor_calib.str1.4
                0x0800d430        0xc build/MCU_MicroRF.o
 .rodata.read_microrf_checksum.str1.4
                0x0800d43c        0x8 build/MCU_MicroRF.o
 .rodata.Save_Calib_MicroRF_Lenth.str1.4
                0x0800d444       0x10 build/MCU_MicroRF.o
 .rodata.read_save_head_calib_lenth.str1.4
                0x0800d454       0x16 build/MCU_MicroRF.o
 *fill*         0x0800d46a        0x2 
 .rodata.calib_head_lenth.str1.4
                0x0800d46c        0xb build/MCU_MicroRF.o
 *fill*         0x0800d477        0x1 
 .rodata.read_motor_pos.str1.4
                0x0800d478        0xa build/MCU_MicroRF.o
 *fill*         0x0800d482        0x2 
 .rodata.read_13_tag_number.str1.4
                0x0800d484        0x8 build/MCU_MicroRF.o
 .rodata.calib_open_relay.str1.4
                0x0800d48c        0xc build/MCU_MicroRF.o
 .rodata.send_iap_start_to_era.str1.4
                0x0800d498        0xd build/MCU_MicroRF.o
 *fill*         0x0800d4a5        0x3 
 .rodata.era_iap_upgrade_finish.str1.4
                0x0800d4a8        0x8 build/MCU_MicroRF.o
 .rodata.usart1_rx_cmd.str1.4
                0x0800d4b0      0x49a build/MCU_MicroRF.o
 *fill*         0x0800d94a        0x2 
 .rodata.microrf_ready.str1.4
                0x0800d94c       0x1a build/MCU_MicroRF.o
 *fill*         0x0800d966        0x2 
 .rodata.MicroRF_Pull_Out.str1.4
                0x0800d968       0x27 build/MCU_MicroRF.o
 *fill*         0x0800d98f        0x1 
 .rodata.delay_task_microrf_handle.str1.4
                0x0800d990       0x43 build/MCU_MicroRF.o
 *fill*         0x0800d9d3        0x1 
 .rodata.task_microrf_handle_pre_check.str1.4
                0x0800d9d4       0x63 build/MCU_MicroRF.o
 *fill*         0x0800da37        0x1 
 .rodata.task_era_handle_heart.str1.4
                0x0800da38       0x24 build/MCU_MicroRF.o
 .rodata.blue_cmd
                0x0800da5c        0xa build/MCU_MicroRF.o
 *fill*         0x0800da66        0x2 
 .rodata.green_cmd
                0x0800da68        0xa build/MCU_MicroRF.o
 *fill*         0x0800da72        0x2 
 .rodata.mfr_handshake_cmd
                0x0800da74        0xc build/MCU_MicroRF.o
 .rodata.mfr_standby_cmd
                0x0800da80        0x8 build/MCU_MicroRF.o
 .rodata.mfr_temperDisable_cmd
                0x0800da88        0xa build/MCU_MicroRF.o
 *fill*         0x0800da92        0x2 
 .rodata.mfr_temperEnable_cmd
                0x0800da94        0xa build/MCU_MicroRF.o
 *fill*         0x0800da9e        0x2 
 .rodata.motor_return_zero_cmd
                0x0800daa0        0x8 build/MCU_MicroRF.o
 .rodata.motor_work_cmd
                0x0800daa8        0x8 build/MCU_MicroRF.o
 .rodata.read_AT_cmd
                0x0800dab0        0xa build/MCU_MicroRF.o
 *fill*         0x0800daba        0x2 
 .rodata.read_SN_cmd
                0x0800dabc        0xa build/MCU_MicroRF.o
 *fill*         0x0800dac6        0x2 
 .rodata.read_handleCount_cmd
                0x0800dac8        0x8 build/MCU_MicroRF.o
 .rodata.read_handleVer_cmd
                0x0800dad0        0x8 build/MCU_MicroRF.o
 .rodata.red_cmd
                0x0800dad8        0xa build/MCU_MicroRF.o
 *fill*         0x0800dae2        0x2 
 .rodata.liti_foot_work_check.str1.4
                0x0800dae4       0x44 build/MCU_Liti.o
 .rodata.focusrf_ready.str1.4
                0x0800db28       0x1a build/MCU_Liti.o
 .rodata.focusrf_standby.str1.4
                0x0800db28       0x1c build/MCU_Liti.o
 .rodata.focusrf_port_host_time_finish.str1.4
                0x0800db28       0x1a build/MCU_Liti.o
 *fill*         0x0800db42        0x2 
 .rodata.read_focusrf_temper.str1.4
                0x0800db44       0x24 build/MCU_Liti.o
 .rodata.task_focusrf_handle_pre_check.str1.4
                0x0800db68       0x31 build/MCU_Liti.o
 *fill*         0x0800db99        0x3 
 .rodata.auchCRCHi
                0x0800db9c      0x100 build/crc16.o
                0x0800db9c                auchCRCHi
 .rodata.auchCRCLo
                0x0800dc9c      0x100 build/crc16.o
                0x0800dc9c                auchCRCLo
 .rodata._DoInit.str1.4
                0x0800dd9c       0x17 build/SEGGER_RTT.o
 *fill*         0x0800ddb3        0x1 
 .rodata._aV2C.0
                0x0800ddb4       0x10 build/SEGGER_RTT_printf.o
 .rodata.log.str1.4
                0x0800ddc4       0x17 c:/program files (x86)/vs_code_soft/gcc-arm-none-eabi-10-2020-q4-major/bin/../lib/gcc/arm-none-eabi/10.2.1/../../../../arm-none-eabi/lib/thumb/v7-m/nofp\libm.a(lib_a-w_log.o)
                                  0x1 (size before relaxing)
                0x0800dddc                . = ALIGN (0x4)

.rel.dyn        0x0800ddc4        0x0
 .rel.iplt      0x0800ddc4        0x0 c:/program files (x86)/vs_code_soft/gcc-arm-none-eabi-10-2020-q4-major/bin/../lib/gcc/arm-none-eabi/10.2.1/thumb/v7-m/nofp/crtbegin.o

.ARM.extab
 *(.ARM.extab* .gnu.linkonce.armextab.*)

.ARM            0x0800ddc4        0x0
                0x0800ddc4                __exidx_start = .
 *(.ARM.exidx*)
                0x0800ddc4                __exidx_end = .

.preinit_array  0x0800ddc4        0x0
                0x0800ddc4                PROVIDE (__preinit_array_start = .)
 *(.preinit_array*)
                0x0800ddc4                PROVIDE (__preinit_array_end = .)

.init_array     0x0800ddc4        0x4
                0x0800ddc4                PROVIDE (__init_array_start = .)
 *(SORT_BY_NAME(.init_array.*))
 *(.init_array*)
 .init_array    0x0800ddc4        0x4 c:/program files (x86)/vs_code_soft/gcc-arm-none-eabi-10-2020-q4-major/bin/../lib/gcc/arm-none-eabi/10.2.1/thumb/v7-m/nofp/crtbegin.o
                0x0800ddc8                PROVIDE (__init_array_end = .)

.fini_array     0x0800ddc8        0x4
                [!provide]                PROVIDE (__fini_array_start = .)
 *(SORT_BY_NAME(.fini_array.*))
 *(.fini_array*)
 .fini_array    0x0800ddc8        0x4 c:/program files (x86)/vs_code_soft/gcc-arm-none-eabi-10-2020-q4-major/bin/../lib/gcc/arm-none-eabi/10.2.1/thumb/v7-m/nofp/crtbegin.o
                [!provide]                PROVIDE (__fini_array_end = .)
                0x0800ddcc                _sidata = LOADADDR (.data)

.data           0x20000000       0xb8 load address 0x0800ddcc
                0x20000000                . = ALIGN (0x4)
                0x20000000                _sdata = .
 *(.data)
 *(.data*)
 .data.SystemCoreClock
                0x20000000        0x4 build/system_stm32f10x.o
                0x20000000                SystemCoreClock
 .data.ADCPrescTable
                0x20000004        0x4 build/stm32f10x_rcc.o
 .data.APBAHBPrescTable
                0x20000008       0x10 build/stm32f10x_rcc.o
 .data.HostStatus
                0x20000018        0x1 build/Common.o
                0x20000018                HostStatus
 .data.ReadTemperIntervalTime
                0x20000019        0x1 build/Common.o
                0x20000019                ReadTemperIntervalTime
 *fill*         0x2000001a        0x2 
 .data.system_work_time
                0x2000001c        0xd build/Common.o
                0x2000001c                system_work_time
 *fill*         0x20000029        0x3 
 .data.mainboard_soft_version
                0x2000002c       0x13 build/MCU_HOST.o
 .data.iap_power_type
                0x2000003f        0x1 build/MCU_POWER.o
 .data.WriteDataBuffer
                0x20000040        0x8 build/DS28E01.o
                0x20000040                WriteDataBuffer
 .data.PlasmaDutycycle
                0x20000048        0x1 build/MCU_Fractional.o
 .data.PlasmaExtDutycycle
                0x20000049        0x1 build/MCU_Fractional.o
 .data.PlasmaExtFreq
                0x2000004a        0x1 build/MCU_Fractional.o
 *fill*         0x2000004b        0x1 
 .data.PlasmaFreq
                0x2000004c        0x2 build/MCU_Fractional.o
 .data.PlasmaMode
                0x2000004e        0x1 build/MCU_Fractional.o
 *fill*         0x2000004f        0x1 
 .data._impure_ptr
                0x20000050        0x4 c:/program files (x86)/vs_code_soft/gcc-arm-none-eabi-10-2020-q4-major/bin/../lib/gcc/arm-none-eabi/10.2.1/../../../../arm-none-eabi/lib/thumb/v7-m/nofp\libc_nano.a(lib_a-impure.o)
                0x20000050                _impure_ptr
 .data.impure_data
                0x20000054       0x60 c:/program files (x86)/vs_code_soft/gcc-arm-none-eabi-10-2020-q4-major/bin/../lib/gcc/arm-none-eabi/10.2.1/../../../../arm-none-eabi/lib/thumb/v7-m/nofp\libc_nano.a(lib_a-impure.o)
 .data.__fdlib_version
                0x200000b4        0x1 c:/program files (x86)/vs_code_soft/gcc-arm-none-eabi-10-2020-q4-major/bin/../lib/gcc/arm-none-eabi/10.2.1/../../../../arm-none-eabi/lib/thumb/v7-m/nofp\libm.a(lib_a-s_lib_ver.o)
                0x200000b4                __fdlib_version
                0x200000b8                . = ALIGN (0x4)
 *fill*         0x200000b5        0x3 
                0x200000b8                _edata = .

.igot.plt       0x200000b8        0x0 load address 0x0800de84
 .igot.plt      0x200000b8        0x0 c:/program files (x86)/vs_code_soft/gcc-arm-none-eabi-10-2020-q4-major/bin/../lib/gcc/arm-none-eabi/10.2.1/thumb/v7-m/nofp/crtbegin.o
                0x200000b8                . = ALIGN (0x4)

.bss            0x200000b8     0x39a0 load address 0x0800de84
                0x200000b8                _sbss = .
                0x200000b8                __bss_start__ = _sbss
 *(.bss)
 .bss           0x200000b8       0x1c c:/program files (x86)/vs_code_soft/gcc-arm-none-eabi-10-2020-q4-major/bin/../lib/gcc/arm-none-eabi/10.2.1/thumb/v7-m/nofp/crtbegin.o
 *(.bss*)
 .bss.fac_ms    0x200000d4        0x2 build/delay.o
 .bss.fac_us    0x200000d6        0x1 build/delay.o
 .bss.tim10ms_flag
                0x200000d7        0x1 build/timer.o
 .bss.AutoModeTime
                0x200000d8        0x2 build/Common.o
                0x200000d8                AutoModeTime
 .bss.CommConnectFlag
                0x200000da        0x2 build/Common.o
                0x200000da                CommConnectFlag
 .bss.FirmwareFlag
                0x200000dc        0x1 build/Common.o
                0x200000dc                FirmwareFlag
 .bss.HandleWindowCurrent
                0x200000dd        0x1 build/Common.o
                0x200000dd                HandleWindowCurrent
 .bss.PW        0x200000de        0x1 build/Common.o
                0x200000de                PW
 *fill*         0x200000df        0x1 
 .bss.PluseTime
                0x200000e0        0x2 build/Common.o
                0x200000e0                PluseTime
 .bss.TemperDisplayCount
                0x200000e2        0x1 build/Common.o
                0x200000e2                TemperDisplayCount
 .bss.WarningType
                0x200000e3        0x1 build/Common.o
                0x200000e3                WarningType
 .bss.WarningValue
                0x200000e4        0x1 build/Common.o
                0x200000e4                WarningValue
 *fill*         0x200000e5        0x3 
 .bss.comm_connect
                0x200000e8        0x2 build/Common.o
                0x200000e8                comm_connect
 *fill*         0x200000ea        0x2 
 .bss.focusrf_wire
                0x200000ec        0x8 build/Common.o
                0x200000ec                focusrf_wire
 .bss.liti_wire
                0x200000f4        0x8 build/Common.o
                0x200000f4                liti_wire
 .bss.mainboard_status
                0x200000fc        0x1 build/Common.o
                0x200000fc                mainboard_status
 *fill*         0x200000fd        0x3 
 .bss.tActiveTime
                0x20000100       0x18 build/Common.o
                0x20000100                tActiveTime
 .bss.tHandleInfo
                0x20000118        0xa build/Common.o
                0x20000118                tHandleInfo
 *fill*         0x20000122        0x2 
 .bss.tTemper   0x20000124        0x6 build/Common.o
                0x20000124                tTemper
 .bss.HostConnectCount
                0x2000012a        0x2 build/MCU_HOST.o
 .bss.foot_present
                0x2000012c        0x6 build/MCU_HOST.o
 *fill*         0x20000132        0x2 
 .bss.foot_work
                0x20000134        0x6 build/MCU_HOST.o
 *fill*         0x2000013a        0x2 
 .bss.logoled_present
                0x2000013c        0x6 build/MCU_HOST.o
 .bss.rx_android_work_status
                0x20000142        0x1 build/MCU_HOST.o
 *fill*         0x20000143        0x1 
 .bss.sctkey    0x20000144       0x14 build/MCU_HOST.o
 .bss.stm32_uniqueId
                0x20000158        0xc build/MCU_HOST.o
 .bss.systimer  0x20000164        0x4 build/MCU_HOST.o
 .bss.tx_android_work_status
                0x20000168        0x1 build/MCU_HOST.o
 .bss.MachineVerNum
                0x20000169        0x1 build/MCU_POWER.o
 .bss.PowerConnectCount
                0x2000016a        0x1 build/MCU_POWER.o
 .bss.PowerHandshakeCount
                0x2000016b        0x1 build/MCU_POWER.o
 .bss.PowerHeartbeatEnable
                0x2000016c        0x1 build/MCU_POWER.o
 .bss.PowerTaskDelayType
                0x2000016d        0x1 build/MCU_POWER.o
 .bss.PowerVersion
                0x2000016e        0x2 build/MCU_POWER.o
 .bss.host_to_power_iap_flag
                0x20000170        0x1 build/MCU_POWER.o
 .bss.imped_out_flag
                0x20000171        0x1 build/MCU_POWER.o
 .bss.liti10_head_type
                0x20000172        0x1 build/MCU_POWER.o
 *fill*         0x20000173        0x1 
 .bss.load_impedance
                0x20000174        0x2 build/MCU_POWER.o
 .bss.microrf_9p_head
                0x20000176        0x1 build/MCU_POWER.o
 .bss.power_ack_status
                0x20000177        0x1 build/MCU_POWER.o
 .bss.power_enable_flag
                0x20000178        0x1 build/MCU_POWER.o
 .bss.power_handshake_fail_count
                0x20000179        0x1 build/MCU_POWER.o
 .bss.power_handshake_fail_flag
                0x2000017a        0x1 build/MCU_POWER.o
 .bss.power_heart_break_alarm_flag
                0x2000017b        0x1 build/MCU_POWER.o
 .bss.power_heart_status
                0x2000017c        0x1 build/MCU_POWER.o
 .bss.power_iap_sta
                0x2000017d        0x1 build/MCU_POWER.o
 .bss.rf_power_work_handle
                0x2000017e        0x1 build/MCU_POWER.o
 .bss.rf_power_work_head
                0x2000017f        0x1 build/MCU_POWER.o
 .bss.rf_power_work_time
                0x20000180        0x2 build/MCU_POWER.o
 .bss.DS28E01_CRC16
                0x20000182        0x2 build/DS28E01.o
 .bss.ROMID     0x20000184        0x8 build/DS28E01.o
                0x20000184                ROMID
 .bss.ReadDataBuffer
                0x2000018c       0x20 build/DS28E01.o
                0x2000018c                ReadDataBuffer
 .bss.databuffer
                0x200001ac        0xe build/DS28E01.o
 *fill*         0x200001ba        0x2 
 .bss.devicesecret
                0x200001bc        0x8 build/DS28E01.o
 .bss.subpbuffer
                0x200001c4        0x8 build/DS28E01.o
 .bss.SHAVM_Hash
                0x200001cc       0x14 build/SHA.o
                0x200001cc                SHAVM_Hash
 .bss.SHAVM_KTN
                0x200001e0       0x10 build/SHA.o
 .bss.SHAVM_MAC
                0x200001f0       0x14 build/SHA.o
                0x200001f0                SHAVM_MAC
 .bss.SHAVM_MTword
                0x20000204      0x140 build/SHA.o
 .bss.SHAVM_Message
                0x20000344       0x40 build/SHA.o
                0x20000344                SHAVM_Message
 .bss.SHAVM_Temp
                0x20000384        0x4 build/SHA.o
 .bss.SHAVM_cnt
                0x20000388        0x2 build/SHA.o
 .bss.FootKeyFlag
                0x2000038a        0x1 build/MCU_MicroRF.o
 .bss.MicroRF_HandleDataReady
                0x2000038b        0x1 build/MCU_MicroRF.o
 .bss.MotorState
                0x2000038c        0x1 build/MCU_MicroRF.o
 *fill*         0x2000038d        0x3 
 .bss.air_press
                0x20000390        0x6 build/MCU_MicroRF.o
                0x20000390                air_press
 *fill*         0x20000396        0x2 
 .bss.era_handle
                0x20000398       0x1e build/MCU_MicroRF.o
                0x20000398                era_handle
 *fill*         0x200003b6        0x2 
 .bss.era_iap_pocket_crc16
                0x200003b8        0x4 build/MCU_MicroRF.o
 .bss.mfr_work_one_time
                0x200003bc        0x2 build/MCU_MicroRF.o
 *fill*         0x200003be        0x2 
 .bss.microrf_handle
                0x200003c0        0x6 build/MCU_MicroRF.o
 .bss.microrf_handle_start_flag
                0x200003c6        0x1 build/MCU_MicroRF.o
 .bss.microrf_handle_state
                0x200003c7        0x1 build/MCU_MicroRF.o
 .bss.microrf_temper_buf
                0x200003c8        0x4 build/MCU_MicroRF.o
 .bss.task_delay_handle
                0x200003cc        0x1 build/MCU_MicroRF.o
 .bss.task_delay_rw_sn
                0x200003cd        0x1 build/MCU_MicroRF.o
 .bss.focusrf_handle_ready
                0x200003ce        0x1 build/MCU_Liti.o
 *fill*         0x200003cf        0x1 
 .bss.focusrf_head_count
                0x200003d0        0x2 build/MCU_Liti.o
 .bss.focusrf_head_type
                0x200003d2        0x1 build/MCU_Liti.o
 *fill*         0x200003d3        0x1 
 .bss.focusrf_port_ID
                0x200003d4        0x6 build/MCU_Liti.o
 *fill*         0x200003da        0x2 
 .bss.focusrf_port_handle
                0x200003dc        0x6 build/MCU_Liti.o
 .bss.focusrf_port_handle_type
                0x200003e2        0x1 build/MCU_Liti.o
 .bss.focusrf_port_head_pre_flag
                0x200003e3        0x1 build/MCU_Liti.o
 .bss.focusrf_port_temper
                0x200003e4        0x2 build/MCU_Liti.o
 .bss.focusrf_port_work_time
                0x200003e6        0x2 build/MCU_Liti.o
 .bss.liti10s_flag
                0x200003e8        0x1 build/MCU_Liti.o
 .bss.liti4_head_insert_num
                0x200003e9        0x1 build/MCU_Liti.o
 .bss.liti4_head_pull_num
                0x200003ea        0x1 build/MCU_Liti.o
 *fill*         0x200003eb        0x1 
 .bss.liti_temper_buf
                0x200003ec        0x4 build/MCU_Liti.o
 .bss.pure_mode
                0x200003f0        0x1 build/MCU_Liti.o
 .bss.task_delay_focusrf_port
                0x200003f1        0x1 build/MCU_Liti.o
 .bss.temper_send_ivt_time
                0x200003f2        0x1 build/MCU_Liti.o
 *fill*         0x200003f3        0x1 
 .bss.Com2HandleVersion
                0x200003f4        0x2 build/MCU_Fractional.o
 .bss.Plasma_HandleDataReady
                0x200003f6        0x1 build/MCU_Fractional.o
 *fill*         0x200003f7        0x1 
 .bss.ScanJetTime
                0x200003f8        0x4 build/MCU_Fractional.o
 .bss.scanjet_com_break_cnt
                0x200003fc        0x1 build/MCU_Fractional.o
 .bss.scanjet_head_type
                0x200003fd        0x1 build/MCU_Fractional.o
 .bss.scanjet_heart_cnt
                0x200003fe        0x1 build/MCU_Fractional.o
 .bss.scanjet_heart_enable
                0x200003ff        0x1 build/MCU_Fractional.o
 .bss.scanjet_level
                0x20000400        0x1 build/MCU_Fractional.o
 *fill*         0x20000401        0x3 
 .bss.scanjet_port_handle
                0x20000404        0x6 build/MCU_Fractional.o
 .bss.scanjet_port_handle_type
                0x2000040a        0x1 build/MCU_Fractional.o
 .bss.scanrf_mode
                0x2000040b        0x1 build/MCU_Fractional.o
 .bss.scanrf_time
                0x2000040c        0x1 build/MCU_Fractional.o
 .bss.task_delay_scanjet_port
                0x2000040d        0x1 build/MCU_Fractional.o
 *fill*         0x2000040e        0x2 
 .bss.ADC_MultiBufSize
                0x20000410       0x8c build/adc20190609.o
 .bss.DMA_Temper_Transfer_Complete_Flag
                0x2000049c        0x1 build/adc20190609.o
 *fill*         0x2000049d        0x3 
 .bss.TaskComps
                0x200004a0       0x78 build/Task.o
                0x200004a0                TaskComps
 .bss.TaskTimer
                0x20000518       0xcc build/softtimer.o
                0x20000518                TaskTimer
 .bss.rx_cmdbuf1
                0x200005e4       0x64 build/serial_rx_tx.o
 .bss.rx_cmdbuf2
                0x20000648      0x41a build/serial_rx_tx.o
 *fill*         0x20000a62        0x2 
 .bss.rx_cmdbuf3
                0x20000a64       0x64 build/serial_rx_tx.o
 .bss.rx_cmdbuf4
                0x20000ac8       0x28 build/serial_rx_tx.o
 .bss.rxbuf1    0x20000af0      0x12c build/serial_rx_tx.o
 .bss.rxbuf2    0x20000c1c      0x41a build/serial_rx_tx.o
 *fill*         0x20001036        0x2 
 .bss.rxbuf3    0x20001038      0x12c build/serial_rx_tx.o
 .bss.rxbuf4    0x20001164       0x64 build/serial_rx_tx.o
 .bss.tx_framebuf1
                0x200011c8      0x3e8 build/serial_rx_tx.o
 .bss.tx_framebuf2
                0x200015b0      0x834 build/serial_rx_tx.o
 .bss.tx_framebuf3
                0x20001de4      0x7d0 build/serial_rx_tx.o
 .bss.tx_framebuf4
                0x200025b4      0x12c build/serial_rx_tx.o
 .bss.txbuf1    0x200026e0      0x41a build/serial_rx_tx.o
 *fill*         0x20002afa        0x2 
 .bss.txbuf2    0x20002afc       0x46 build/serial_rx_tx.o
 *fill*         0x20002b42        0x2 
 .bss.txbuf3    0x20002b44      0x41a build/serial_rx_tx.o
 *fill*         0x20002f5e        0x2 
 .bss.txbuf4    0x20002f60       0x1e build/serial_rx_tx.o
 *fill*         0x20002f7e        0x2 
 .bss.usart1    0x20002f80       0x48 build/serial_rx_tx.o
                0x20002f80                usart1
 .bss.usart1_frame_pool
                0x20002fc8      0x140 build/serial_rx_tx.o
                0x20002fc8                usart1_frame_pool
 .bss.usart2    0x20003108       0x48 build/serial_rx_tx.o
                0x20003108                usart2
 .bss.usart2_frame_pool
                0x20003150      0x1e0 build/serial_rx_tx.o
                0x20003150                usart2_frame_pool
 .bss.usart3    0x20003330       0x48 build/serial_rx_tx.o
                0x20003330                usart3
 .bss.usart3_frame_pool
                0x20003378      0x140 build/serial_rx_tx.o
                0x20003378                usart3_frame_pool
 .bss.usart4    0x200034b8       0x48 build/serial_rx_tx.o
                0x200034b8                usart4
 .bss.usart4_frame_pool
                0x20003500       0xa0 build/serial_rx_tx.o
                0x20003500                usart4_frame_pool
 .bss._SEGGER_RTT
                0x200035a0       0xa8 build/SEGGER_RTT.o
                0x200035a0                _SEGGER_RTT
 .bss._acDownBuffer
                0x20003648       0x10 build/SEGGER_RTT.o
 .bss._acUpBuffer
                0x20003658      0x400 build/SEGGER_RTT.o
 *(COMMON)
                0x20003a58                . = ALIGN (0x4)
                0x20003a58                _ebss = .
                0x20003a58                __bss_end__ = _ebss

._user_heap_stack
                0x20003a58      0xa00 load address 0x0800de84
                0x20003a58                . = ALIGN (0x8)
                0x20003a58                PROVIDE (end = .)
                [!provide]                PROVIDE (_end = .)
                0x20003c58                . = (. + _Min_Heap_Size)
 *fill*         0x20003a58      0x200 
                0x20004458                . = (. + _Min_Stack_Size)
 *fill*         0x20003c58      0x800 
                0x20004458                . = ALIGN (0x8)

/DISCARD/
 libc.a(*)
 libm.a(*)
 libgcc.a(*)

.ARM.attributes
                0x00000000       0x29
 *(.ARM.attributes)
 .ARM.attributes
                0x00000000       0x1d c:/program files (x86)/vs_code_soft/gcc-arm-none-eabi-10-2020-q4-major/bin/../lib/gcc/arm-none-eabi/10.2.1/thumb/v7-m/nofp/crti.o
 .ARM.attributes
                0x0000001d       0x2d c:/program files (x86)/vs_code_soft/gcc-arm-none-eabi-10-2020-q4-major/bin/../lib/gcc/arm-none-eabi/10.2.1/thumb/v7-m/nofp/crtbegin.o
 .ARM.attributes
                0x0000004a       0x2d build/main.o
 .ARM.attributes
                0x00000077       0x2d build/stm32f10x_it.o
 .ARM.attributes
                0x000000a4       0x2d build/system_stm32f10x.o
 .ARM.attributes
                0x000000d1       0x2d build/stm32f10x_adc.o
 .ARM.attributes
                0x000000fe       0x2d build/misc.o
 .ARM.attributes
                0x0000012b       0x2d build/stm32f10x_gpio.o
 .ARM.attributes
                0x00000158       0x2d build/stm32f10x_rcc.o
 .ARM.attributes
                0x00000185       0x2d build/stm32f10x_usart.o
 .ARM.attributes
                0x000001b2       0x2d build/stm32f10x_tim.o
 .ARM.attributes
                0x000001df       0x2d build/stm32f10x_dma.o
 .ARM.attributes
                0x0000020c       0x2d build/delay.o
 .ARM.attributes
                0x00000239       0x2d build/sys.o
 .ARM.attributes
                0x00000266       0x2d build/usart_dma.o
 .ARM.attributes
                0x00000293       0x2d build/secret_key.o
 .ARM.attributes
                0x000002c0       0x2d build/gpio.o
 .ARM.attributes
                0x000002ed       0x2d build/timer.o
 .ARM.attributes
                0x0000031a       0x2d build/Common.o
 .ARM.attributes
                0x00000347       0x2d build/MCU_HOST.o
 .ARM.attributes
                0x00000374       0x2d build/MCU_POWER.o
 .ARM.attributes
                0x000003a1       0x2d build/DS28E01.o
 .ARM.attributes
                0x000003ce       0x2d build/SHA.o
 .ARM.attributes
                0x000003fb       0x2d build/MCU_MicroRF.o
 .ARM.attributes
                0x00000428       0x2d build/MCU_Liti.o
 .ARM.attributes
                0x00000455       0x2d build/MCU_Fractional.o
 .ARM.attributes
                0x00000482       0x2d build/adc20190609.o
 .ARM.attributes
                0x000004af       0x2d build/Task.o
 .ARM.attributes
                0x000004dc       0x2d build/softtimer.o
 .ARM.attributes
                0x00000509       0x2d build/serial_protocol.o
 .ARM.attributes
                0x00000536       0x2d build/serial_rx_tx.o
 .ARM.attributes
                0x00000563       0x2d build/crc16.o
 .ARM.attributes
                0x00000590       0x2d build/SEGGER_RTT.o
 .ARM.attributes
                0x000005bd       0x2d build/SEGGER_RTT_printf.o
 .ARM.attributes
                0x000005ea       0x21 build/startup_stm32f103xe.o
 .ARM.attributes
                0x0000060b       0x2d c:/program files (x86)/vs_code_soft/gcc-arm-none-eabi-10-2020-q4-major/bin/../lib/gcc/arm-none-eabi/10.2.1/../../../../arm-none-eabi/lib/thumb/v7-m/nofp\libc_nano.a(lib_a-impure.o)
 .ARM.attributes
                0x00000638       0x2d c:/program files (x86)/vs_code_soft/gcc-arm-none-eabi-10-2020-q4-major/bin/../lib/gcc/arm-none-eabi/10.2.1/../../../../arm-none-eabi/lib/thumb/v7-m/nofp\libc_nano.a(lib_a-init.o)
 .ARM.attributes
                0x00000665       0x2d c:/program files (x86)/vs_code_soft/gcc-arm-none-eabi-10-2020-q4-major/bin/../lib/gcc/arm-none-eabi/10.2.1/../../../../arm-none-eabi/lib/thumb/v7-m/nofp\libc_nano.a(lib_a-memcpy-stub.o)
 .ARM.attributes
                0x00000692       0x2d c:/program files (x86)/vs_code_soft/gcc-arm-none-eabi-10-2020-q4-major/bin/../lib/gcc/arm-none-eabi/10.2.1/../../../../arm-none-eabi/lib/thumb/v7-m/nofp\libc_nano.a(lib_a-memset.o)
 .ARM.attributes
                0x000006bf       0x2d c:/program files (x86)/vs_code_soft/gcc-arm-none-eabi-10-2020-q4-major/bin/../lib/gcc/arm-none-eabi/10.2.1/../../../../arm-none-eabi/lib/thumb/v7-m/nofp\libm.a(lib_a-w_log.o)
 .ARM.attributes
                0x000006ec       0x2d c:/program files (x86)/vs_code_soft/gcc-arm-none-eabi-10-2020-q4-major/bin/../lib/gcc/arm-none-eabi/10.2.1/../../../../arm-none-eabi/lib/thumb/v7-m/nofp\libm.a(lib_a-e_log.o)
 .ARM.attributes